#
# There is insufficient memory for the Java Runtime Environment to continue.
# Native memory allocation (mmap) failed to map 105906176 bytes for G1 virtual space
# Possible reasons:
#   The system is out of physical RAM or swap space
#   The process is running with CompressedOops enabled, and the Java Heap may be blocking the growth of the native heap
# Possible solutions:
#   Reduce memory load on the system
#   Increase physical memory or swap space
#   Check if swap backing store is full
#   Decrease Java heap size (-Xmx/-Xms)
#   Decrease number of Java threads
#   Decrease Java thread stack sizes (-Xss)
#   Set larger code cache with -XX:ReservedCodeCacheSize=
#   JVM is running with Unscaled Compressed Oops mode in which the Java heap is
#     placed in the first 4GB address space. The Java Heap base address is the
#     maximum limit for the native heap growth. Please use -XX:HeapBaseMinAddress
#     to set the Java Heap base and to place the Java Heap above 4GB virtual address.
# This output file may be truncated or incomplete.
#
#  Out of Memory Error (os_windows.cpp:3548), pid=1408, tid=952
#
# JRE version: Java(TM) SE Runtime Environment (17.0.12+8) (build 17.0.12+8-LTS-286)
# Java VM: Java HotSpot(TM) 64-Bit Server VM (17.0.12+8-LTS-286, mixed mode, sharing, tiered, compressed oops, compressed class ptrs, g1 gc, windows-amd64)
# No core dump will be written. Minidumps are not enabled by default on client versions of Windows
#

---------------  S U M M A R Y ------------

Command Line: --add-opens=java.base/java.util=ALL-UNNAMED --add-opens=java.base/java.lang=ALL-UNNAMED --add-opens=java.base/java.lang.invoke=ALL-UNNAMED --add-opens=java.prefs/java.util.prefs=ALL-UNNAMED --add-exports=jdk.compiler/com.sun.tools.javac.api=ALL-UNNAMED --add-exports=jdk.compiler/com.sun.tools.javac.util=ALL-UNNAMED --add-opens=java.base/java.nio.charset=ALL-UNNAMED --add-opens=java.base/java.net=ALL-UNNAMED --add-opens=java.base/java.util.concurrent.atomic=ALL-UNNAMED -Xmx1024m -Dfile.encoding=UTF-8 -Duser.country=US -Duser.language=en -Duser.variant -javaagent:C:\Users\admin\.gradle\wrapper\dists\gradle-8.9-bin\90cnw93cvbtalezasaz0blq0a\gradle-8.9\lib\agents\gradle-instrumentation-agent-8.9.jar org.gradle.launcher.daemon.bootstrap.GradleDaemon 8.9

Host: Intel(R) Core(TM) i7-8650U CPU @ 1.90GHz, 8 cores, 7G,  Windows 11 , 64 bit Build 26100 (10.0.26100.9168)
Time: Sat Sep  5 11:43:43 2026 India Standard Time elapsed time: 65.013352 seconds (0d 0h 1m 5s)

---------------  T H R E A D  ---------------

Current thread (0x000002783f1fc290):  VMThread "VM Thread" [stack: 0x000000b967c00000,0x000000b967d00000] [id=952]

Stack: [0x000000b967c00000,0x000000b967d00000]
Native frames: (J=compiled Java code, j=interpreted, Vv=VM code, C=native code)
V  [jvm.dll+0x67a04a]
V  [jvm.dll+0x7da4ed]
V  [jvm.dll+0x7dbe33]
V  [jvm.dll+0x7dc4a3]
V  [jvm.dll+0x24508f]
V  [jvm.dll+0x677089]
V  [jvm.dll+0x66bd32]
V  [jvm.dll+0x301fa6]
V  [jvm.dll+0x309546]
V  [jvm.dll+0x359d2e]
V  [jvm.dll+0x359f5f]
V  [jvm.dll+0x2d9078]
V  [jvm.dll+0x2d74ad]
V  [jvm.dll+0x2d6afc]
V  [jvm.dll+0x31a65b]
V  [jvm.dll+0x7e0d9b]
V  [jvm.dll+0x7e1ad4]
V  [jvm.dll+0x7e1fed]
V  [jvm.dll+0x7e23c4]
V  [jvm.dll+0x7e2490]
V  [jvm.dll+0x78abea]
V  [jvm.dll+0x678f35]
C  [ucrtbase.dll+0x2cd30]
C  [KERNEL32.DLL+0x2ccb7]
C  [ntdll.dll+0xaad6c]

VM_Operation (0x000000b9712fea20): G1CollectForAllocation, mode: safepoint, requested by thread 0x000002788664a150


---------------  P R O C E S S  ---------------

Threads class SMR info:
_java_thread_list=0x0000027888bc7820, length=144, elements={
0x0000027821336aa0, 0x000002783f202c00, 0x000002783f204240, 0x000002783f216ea0,
0x000002783f219780, 0x000002783f21c060, 0x000002783f21c930, 0x000002783f21d530,
0x000002783f248410, 0x000002783f291060, 0x000002783f2ae9c0, 0x000002783f4dff00,
0x0000027885d00710, 0x000002783f5fd430, 0x0000027885a47240, 0x000002783f759050,
0x00000278853e1020, 0x00000278850e9790, 0x00000278850e9ca0, 0x00000278850eabd0,
0x00000278850ea1b0, 0x00000278850eb0e0, 0x00000278850e9280, 0x00000278850ea6c0,
0x00000278850e7e40, 0x00000278850e8860, 0x00000278850e8d70, 0x0000027887dd5270,
0x0000027887dd3920, 0x0000027887dd4850, 0x0000027887dd3410, 0x0000027887dd4340,
0x0000027887dd4d60, 0x0000027887dd24e0, 0x0000027887dd61a0, 0x0000027887dd66b0,
0x0000027887dd2f00, 0x0000027887dd9440, 0x0000027887dd8a20, 0x0000027887dd8510,
0x0000027887dd8f30, 0x0000027887dd9e60, 0x0000027887dd9950, 0x0000027887dd6bc0,
0x0000027887dd7af0, 0x0000027887dd70d0, 0x0000027887dd75e0, 0x0000027887dd8000,
0x0000027886c7ea00, 0x0000027886c80d70, 0x0000027886c81280, 0x0000027886c7f930,
0x0000027886c7dad0, 0x0000027886c7f420, 0x0000027886c7fe40, 0x0000027886c80350,
0x0000027886c84010, 0x0000027886c81ca0, 0x0000027886c830e0, 0x0000027886c835f0,
0x0000027886c821b0, 0x0000027886c826c0, 0x0000027886c84a30, 0x00000278896ccd90,
0x00000278896caf30, 0x00000278896cb440, 0x00000278896cc880, 0x00000278896cb950,
0x00000278896cbe60, 0x00000278896cc370, 0x00000278896c9af0, 0x00000278896cd7b0,
0x00000278896ca000, 0x00000278896ce6e0, 0x00000278896d0a50, 0x00000278896cf100,
0x00000278896ce1d0, 0x00000278896d0030, 0x00000278896cf610, 0x00000278896cfb20,
0x00000278896cebf0, 0x00000278896d0540, 0x00000278896d0f60, 0x00000278896cdcc0,
0x00000278896d1470, 0x0000027889fe60f0, 0x0000027889fe3870, 0x0000027889fe3d80,
0x0000027889fe2940, 0x0000027889fe3360, 0x0000027889fe2e50, 0x0000027889fe7020,
0x0000027889fe4290, 0x0000027889fe7a40, 0x0000027889fe7f50, 0x0000027889fe56d0,
0x0000027889fe51c0, 0x0000027889fe6600, 0x0000027889fe6b10, 0x0000027889fe7530,
0x0000027889fe47a0, 0x0000027889fe8460, 0x0000027889fe4cb0, 0x0000027889fe8970,
0x0000027889fe9db0, 0x0000027889fe8e80, 0x0000027889fe9390, 0x0000027889fe98a0,
0x0000027889fea2c0, 0x00000278875a5a30, 0x00000278875a4b00, 0x00000278875a7380,
0x00000278875a7890, 0x00000278875a82b0, 0x00000278875a87c0, 0x00000278875a5f40,
0x00000278875a6960, 0x00000278875a5010, 0x00000278875a9c00, 0x00000278875a6e70,
0x00000278875a6450, 0x00000278875ab550, 0x00000278875aa110, 0x00000278875a91e0,
0x00000278875a8cd0, 0x00000278875a96f0, 0x00000278875ab040, 0x00000278875a7da0,
0x00000278875aba60, 0x00000278875abf70, 0x0000027887dd5780, 0x00000278875aab30,
0x00000278896cd2a0, 0x00000278866473c0, 0x0000027886648d10, 0x0000027886648800,
0x00000278866478d0, 0x00000278866469a0, 0x000002788664a660, 0x0000027886646eb0,
0x0000027886649220, 0x0000027886647de0, 0x000002788664a150, 0x00000278866482f0
}

Java Threads: ( => current thread )
  0x0000027821336aa0 JavaThread "main" [_thread_blocked, id=15220, stack(0x000000b967600000,0x000000b967700000)]
  0x000002783f202c00 JavaThread "Reference Handler" daemon [_thread_blocked, id=15948, stack(0x000000b967d00000,0x000000b967e00000)]
  0x000002783f204240 JavaThread "Finalizer" daemon [_thread_blocked, id=14656, stack(0x000000b967e00000,0x000000b967f00000)]
  0x000002783f216ea0 JavaThread "Signal Dispatcher" daemon [_thread_blocked, id=10224, stack(0x000000b967f00000,0x000000b968000000)]
  0x000002783f219780 JavaThread "Attach Listener" daemon [_thread_blocked, id=8600, stack(0x000000b968000000,0x000000b968100000)]
  0x000002783f21c060 JavaThread "Service Thread" daemon [_thread_blocked, id=12376, stack(0x000000b968100000,0x000000b968200000)]
  0x000002783f21c930 JavaThread "Monitor Deflation Thread" daemon [_thread_blocked, id=3648, stack(0x000000b968200000,0x000000b968300000)]
  0x000002783f21d530 JavaThread "C2 CompilerThread0" daemon [_thread_blocked, id=5908, stack(0x000000b968300000,0x000000b968400000)]
  0x000002783f248410 JavaThread "C1 CompilerThread0" daemon [_thread_blocked, id=12316, stack(0x000000b968400000,0x000000b968500000)]
  0x000002783f291060 JavaThread "Sweeper thread" daemon [_thread_blocked, id=344, stack(0x000000b968500000,0x000000b968600000)]
  0x000002783f2ae9c0 JavaThread "Common-Cleaner" daemon [_thread_blocked, id=13500, stack(0x000000b968600000,0x000000b968700000)]
  0x000002783f4dff00 JavaThread "Notification Thread" daemon [_thread_blocked, id=16504, stack(0x000000b968700000,0x000000b968800000)]
  0x0000027885d00710 JavaThread "Daemon health stats" [_thread_blocked, id=16048, stack(0x000000b968b00000,0x000000b968c00000)]
  0x000002783f5fd430 JavaThread "Incoming local TCP Connector on port 62092" [_thread_in_native, id=3248, stack(0x000000b968e00000,0x000000b968f00000)]
  0x0000027885a47240 JavaThread "Daemon periodic checks" [_thread_blocked, id=16884, stack(0x000000b968f00000,0x000000b969000000)]
  0x000002783f759050 JavaThread "Daemon" [_thread_blocked, id=6204, stack(0x000000b969000000,0x000000b969100000)]
  0x00000278853e1020 JavaThread "Handler for socket connection from /127.0.0.1:62092 to /127.0.0.1:62094" [_thread_in_native, id=564, stack(0x000000b969100000,0x000000b969200000)]
  0x00000278850e9790 JavaThread "Cancel handler" [_thread_blocked, id=12604, stack(0x000000b969200000,0x000000b969300000)]
  0x00000278850e9ca0 JavaThread "Daemon worker" [_thread_blocked, id=15772, stack(0x000000b969300000,0x000000b969400000)]
  0x00000278850eabd0 JavaThread "Asynchronous log dispatcher for DefaultDaemonConnection: socket connection from /127.0.0.1:62092 to /127.0.0.1:62094" [_thread_blocked, id=14196, stack(0x000000b969400000,0x000000b969500000)]
  0x00000278850ea1b0 JavaThread "Stdin handler" [_thread_blocked, id=8920, stack(0x000000b969500000,0x000000b969600000)]
  0x00000278850eb0e0 JavaThread "Daemon client event forwarder" [_thread_blocked, id=15088, stack(0x000000b969600000,0x000000b969700000)]
  0x00000278850e9280 JavaThread "Cache worker for journal cache (C:\Users\admin\.gradle\caches\journal-1)" [_thread_blocked, id=7920, stack(0x000000b969a00000,0x000000b969b00000)]
  0x00000278850ea6c0 JavaThread "File lock request listener" [_thread_in_native, id=16220, stack(0x000000b969b00000,0x000000b969c00000)]
  0x00000278850e7e40 JavaThread "Cache worker for file hash cache (C:\Users\admin\.gradle\caches\8.9\fileHashes)" [_thread_blocked, id=3728, stack(0x000000b969c00000,0x000000b969d00000)]
  0x00000278850e8860 JavaThread "Cache worker for file hash cache (C:\Users\admin\Downloads\IYKYKVideoCollage\.gradle\8.9\fileHashes)" [_thread_blocked, id=11064, stack(0x000000b969d00000,0x000000b969e00000)]
  0x00000278850e8d70 JavaThread "Cache worker for Build Output Cleanup Cache (C:\Users\admin\Downloads\IYKYKVideoCollage\.gradle\buildOutputCleanup)" [_thread_blocked, id=10844, stack(0x000000b969e00000,0x000000b969f00000)]
  0x0000027887dd5270 JavaThread "File watcher server" daemon [_thread_blocked, id=14572, stack(0x000000b96a000000,0x000000b96a100000)]
  0x0000027887dd3920 JavaThread "File watcher consumer" daemon [_thread_blocked, id=16108, stack(0x000000b96a100000,0x000000b96a200000)]
  0x0000027887dd4850 JavaThread "Cache worker for checksums cache (C:\Users\admin\Downloads\IYKYKVideoCollage\.gradle\8.9\checksums)" [_thread_blocked, id=5324, stack(0x000000b96a200000,0x000000b96a300000)]
  0x0000027887dd3410 JavaThread "Cache worker for file content cache (C:\Users\admin\.gradle\caches\8.9\fileContent)" [_thread_blocked, id=16996, stack(0x000000b96a300000,0x000000b96a400000)]
  0x0000027887dd4340 JavaThread "Cache worker for cache directory md-rule (C:\Users\admin\.gradle\caches\8.9\md-rule)" [_thread_blocked, id=16188, stack(0x000000b96a400000,0x000000b96a500000)]
  0x0000027887dd4d60 JavaThread "Cache worker for cache directory md-supplier (C:\Users\admin\.gradle\caches\8.9\md-supplier)" [_thread_blocked, id=7304, stack(0x000000b96a500000,0x000000b96a600000)]
  0x0000027887dd24e0 JavaThread "Unconstrained build operations" [_thread_blocked, id=6152, stack(0x000000b96a600000,0x000000b96a700000)]
  0x0000027887dd61a0 JavaThread "Unconstrained build operations Thread 2" [_thread_blocked, id=14280, stack(0x000000b96a700000,0x000000b96a800000)]
  0x0000027887dd66b0 JavaThread "Unconstrained build operations Thread 3" [_thread_blocked, id=14124, stack(0x000000b96a800000,0x000000b96a900000)]
  0x0000027887dd2f00 JavaThread "Unconstrained build operations Thread 4" [_thread_blocked, id=5440, stack(0x000000b96a900000,0x000000b96aa00000)]
  0x0000027887dd9440 JavaThread "Unconstrained build operations Thread 5" [_thread_blocked, id=17028, stack(0x000000b96aa00000,0x000000b96ab00000)]
  0x0000027887dd8a20 JavaThread "Unconstrained build operations Thread 6" [_thread_blocked, id=12076, stack(0x000000b96ab00000,0x000000b96ac00000)]
  0x0000027887dd8510 JavaThread "Unconstrained build operations Thread 7" [_thread_blocked, id=13904, stack(0x000000b96ac00000,0x000000b96ad00000)]
  0x0000027887dd8f30 JavaThread "Unconstrained build operations Thread 8" [_thread_blocked, id=13372, stack(0x000000b96ad00000,0x000000b96ae00000)]
  0x0000027887dd9e60 JavaThread "Unconstrained build operations Thread 9" [_thread_blocked, id=17240, stack(0x000000b96ae00000,0x000000b96af00000)]
  0x0000027887dd9950 JavaThread "Unconstrained build operations Thread 10" [_thread_blocked, id=14668, stack(0x000000b96af00000,0x000000b96b000000)]
  0x0000027887dd6bc0 JavaThread "Unconstrained build operations Thread 11" [_thread_blocked, id=13556, stack(0x000000b96b000000,0x000000b96b100000)]
  0x0000027887dd7af0 JavaThread "Unconstrained build operations Thread 12" [_thread_blocked, id=4652, stack(0x000000b96b100000,0x000000b96b200000)]
  0x0000027887dd70d0 JavaThread "Unconstrained build operations Thread 13" [_thread_blocked, id=5116, stack(0x000000b96b200000,0x000000b96b300000)]
  0x0000027887dd75e0 JavaThread "Unconstrained build operations Thread 14" [_thread_blocked, id=8796, stack(0x000000b96b300000,0x000000b96b400000)]
  0x0000027887dd8000 JavaThread "Unconstrained build operations Thread 15" [_thread_blocked, id=14580, stack(0x000000b96b400000,0x000000b96b500000)]
  0x0000027886c7ea00 JavaThread "Unconstrained build operations Thread 16" [_thread_blocked, id=16424, stack(0x000000b96b500000,0x000000b96b600000)]
  0x0000027886c80d70 JavaThread "Unconstrained build operations Thread 17" [_thread_blocked, id=6892, stack(0x000000b96b600000,0x000000b96b700000)]
  0x0000027886c81280 JavaThread "Unconstrained build operations Thread 18" [_thread_blocked, id=6336, stack(0x000000b96b700000,0x000000b96b800000)]
  0x0000027886c7f930 JavaThread "Unconstrained build operations Thread 19" [_thread_blocked, id=15808, stack(0x000000b96b800000,0x000000b96b900000)]
  0x0000027886c7dad0 JavaThread "Unconstrained build operations Thread 20" [_thread_blocked, id=16712, stack(0x000000b96b900000,0x000000b96ba00000)]
  0x0000027886c7f420 JavaThread "Unconstrained build operations Thread 21" [_thread_blocked, id=17192, stack(0x000000b96ba00000,0x000000b96bb00000)]
  0x0000027886c7fe40 JavaThread "Memory manager" [_thread_blocked, id=560, stack(0x000000b96bb00000,0x000000b96bc00000)]
  0x0000027886c80350 JavaThread "build event listener" [_thread_blocked, id=4184, stack(0x000000b96bc00000,0x000000b96bd00000)]
  0x0000027886c84010 JavaThread "included builds" [_thread_blocked, id=7388, stack(0x000000b96bf00000,0x000000b96c000000)]
  0x0000027886c81ca0 JavaThread "Execution worker" [_thread_blocked, id=4952, stack(0x000000b96c000000,0x000000b96c100000)]
  0x0000027886c830e0 JavaThread "Execution worker Thread 2" [_thread_blocked, id=11652, stack(0x000000b96c100000,0x000000b96c200000)]
  0x0000027886c835f0 JavaThread "Execution worker Thread 3" [_thread_blocked, id=9820, stack(0x000000b96c200000,0x000000b96c300000)]
  0x0000027886c821b0 JavaThread "Execution worker Thread 4" [_thread_blocked, id=14704, stack(0x000000b96c300000,0x000000b96c400000)]
  0x0000027886c826c0 JavaThread "Execution worker Thread 5" [_thread_blocked, id=4568, stack(0x000000b96c400000,0x000000b96c500000)]
  0x0000027886c84a30 JavaThread "Execution worker Thread 6" [_thread_blocked, id=16616, stack(0x000000b96c500000,0x000000b96c600000)]
  0x00000278896ccd90 JavaThread "Execution worker Thread 7" [_thread_blocked, id=4864, stack(0x000000b96c600000,0x000000b96c700000)]
  0x00000278896caf30 JavaThread "Cache worker for execution history cache (C:\Users\admin\Downloads\IYKYKVideoCollage\.gradle\8.9\executionHistory)" [_thread_blocked, id=10444, stack(0x000000b96c700000,0x000000b96c800000)]
  0x00000278896cb440 JavaThread "Unconstrained build operations Thread 22" [_thread_blocked, id=13824, stack(0x000000b96c800000,0x000000b96c900000)]
  0x00000278896cc880 JavaThread "Unconstrained build operations Thread 23" [_thread_blocked, id=15352, stack(0x000000b96c900000,0x000000b96ca00000)]
  0x00000278896cb950 JavaThread "Unconstrained build operations Thread 24" [_thread_blocked, id=4188, stack(0x000000b96ca00000,0x000000b96cb00000)]
  0x00000278896cbe60 JavaThread "Unconstrained build operations Thread 25" [_thread_blocked, id=16828, stack(0x000000b96cb00000,0x000000b96cc00000)]
  0x00000278896cc370 JavaThread "Unconstrained build operations Thread 26" [_thread_blocked, id=15864, stack(0x000000b96cc00000,0x000000b96cd00000)]
  0x00000278896c9af0 JavaThread "Unconstrained build operations Thread 27" [_thread_blocked, id=16904, stack(0x000000b96cd00000,0x000000b96ce00000)]
  0x00000278896cd7b0 JavaThread "Unconstrained build operations Thread 28" [_thread_blocked, id=1820, stack(0x000000b96ce00000,0x000000b96cf00000)]
  0x00000278896ca000 JavaThread "Unconstrained build operations Thread 29" [_thread_blocked, id=1800, stack(0x000000b96cf00000,0x000000b96d000000)]
  0x00000278896ce6e0 JavaThread "Unconstrained build operations Thread 30" [_thread_blocked, id=12380, stack(0x000000b96d000000,0x000000b96d100000)]
  0x00000278896d0a50 JavaThread "Unconstrained build operations Thread 31" [_thread_blocked, id=11760, stack(0x000000b96d100000,0x000000b96d200000)]
  0x00000278896cf100 JavaThread "Unconstrained build operations Thread 32" [_thread_blocked, id=2832, stack(0x000000b96d200000,0x000000b96d300000)]
  0x00000278896ce1d0 JavaThread "Unconstrained build operations Thread 33" [_thread_blocked, id=16484, stack(0x000000b96d300000,0x000000b96d400000)]
  0x00000278896d0030 JavaThread "Unconstrained build operations Thread 34" [_thread_blocked, id=2916, stack(0x000000b96d400000,0x000000b96d500000)]
  0x00000278896cf610 JavaThread "Unconstrained build operations Thread 35" [_thread_blocked, id=7724, stack(0x000000b96d500000,0x000000b96d600000)]
  0x00000278896cfb20 JavaThread "Unconstrained build operations Thread 36" [_thread_blocked, id=12268, stack(0x000000b96d600000,0x000000b96d700000)]
  0x00000278896cebf0 JavaThread "Unconstrained build operations Thread 37" [_thread_blocked, id=8880, stack(0x000000b96d700000,0x000000b96d800000)]
  0x00000278896d0540 JavaThread "Unconstrained build operations Thread 38" [_thread_blocked, id=8176, stack(0x000000b96d800000,0x000000b96d900000)]
  0x00000278896d0f60 JavaThread "Unconstrained build operations Thread 39" [_thread_blocked, id=3996, stack(0x000000b96d900000,0x000000b96da00000)]
  0x00000278896cdcc0 JavaThread "Unconstrained build operations Thread 40" [_thread_blocked, id=15564, stack(0x000000b96da00000,0x000000b96db00000)]
  0x00000278896d1470 JavaThread "Unconstrained build operations Thread 41" [_thread_blocked, id=3816, stack(0x000000b96db00000,0x000000b96dc00000)]
  0x0000027889fe60f0 JavaThread "Unconstrained build operations Thread 42" [_thread_blocked, id=16932, stack(0x000000b96dc00000,0x000000b96dd00000)]
  0x0000027889fe3870 JavaThread "Unconstrained build operations Thread 43" [_thread_blocked, id=6160, stack(0x000000b96dd00000,0x000000b96de00000)]
  0x0000027889fe3d80 JavaThread "Unconstrained build operations Thread 44" [_thread_blocked, id=11168, stack(0x000000b96de00000,0x000000b96df00000)]
  0x0000027889fe2940 JavaThread "Unconstrained build operations Thread 45" [_thread_blocked, id=2132, stack(0x000000b96df00000,0x000000b96e000000)]
  0x0000027889fe3360 JavaThread "Unconstrained build operations Thread 46" [_thread_blocked, id=8052, stack(0x000000b96e000000,0x000000b96e100000)]
  0x0000027889fe2e50 JavaThread "Unconstrained build operations Thread 47" [_thread_blocked, id=7160, stack(0x000000b96e100000,0x000000b96e200000)]
  0x0000027889fe7020 JavaThread "Unconstrained build operations Thread 48" [_thread_blocked, id=15396, stack(0x000000b96e200000,0x000000b96e300000)]
  0x0000027889fe4290 JavaThread "Unconstrained build operations Thread 49" [_thread_blocked, id=15912, stack(0x000000b96e300000,0x000000b96e400000)]
  0x0000027889fe7a40 JavaThread "Unconstrained build operations Thread 50" [_thread_blocked, id=2112, stack(0x000000b96e400000,0x000000b96e500000)]
  0x0000027889fe7f50 JavaThread "Unconstrained build operations Thread 51" [_thread_blocked, id=17064, stack(0x000000b96e500000,0x000000b96e600000)]
  0x0000027889fe56d0 JavaThread "Unconstrained build operations Thread 52" [_thread_blocked, id=7072, stack(0x000000b96e600000,0x000000b96e700000)]
  0x0000027889fe51c0 JavaThread "Unconstrained build operations Thread 53" [_thread_blocked, id=13768, stack(0x000000b96e700000,0x000000b96e800000)]
  0x0000027889fe6600 JavaThread "Unconstrained build operations Thread 54" [_thread_blocked, id=8660, stack(0x000000b96e800000,0x000000b96e900000)]
  0x0000027889fe6b10 JavaThread "Unconstrained build operations Thread 55" [_thread_blocked, id=14352, stack(0x000000b96e900000,0x000000b96ea00000)]
  0x0000027889fe7530 JavaThread "Unconstrained build operations Thread 56" [_thread_blocked, id=15100, stack(0x000000b96ea00000,0x000000b96eb00000)]
  0x0000027889fe47a0 JavaThread "Unconstrained build operations Thread 57" [_thread_blocked, id=17100, stack(0x000000b96eb00000,0x000000b96ec00000)]
  0x0000027889fe8460 JavaThread "Unconstrained build operations Thread 58" [_thread_blocked, id=16980, stack(0x000000b96ec00000,0x000000b96ed00000)]
  0x0000027889fe4cb0 JavaThread "Unconstrained build operations Thread 59" [_thread_blocked, id=6664, stack(0x000000b96ed00000,0x000000b96ee00000)]
  0x0000027889fe8970 JavaThread "Unconstrained build operations Thread 60" [_thread_blocked, id=16660, stack(0x000000b96ee00000,0x000000b96ef00000)]
  0x0000027889fe9db0 JavaThread "Unconstrained build operations Thread 61" [_thread_blocked, id=2548, stack(0x000000b96ef00000,0x000000b96f000000)]
  0x0000027889fe8e80 JavaThread "Unconstrained build operations Thread 62" [_thread_blocked, id=14256, stack(0x000000b96f000000,0x000000b96f100000)]
  0x0000027889fe9390 JavaThread "Unconstrained build operations Thread 63" [_thread_blocked, id=17376, stack(0x000000b96f100000,0x000000b96f200000)]
  0x0000027889fe98a0 JavaThread "Unconstrained build operations Thread 64" [_thread_blocked, id=5476, stack(0x000000b96f200000,0x000000b96f300000)]
  0x0000027889fea2c0 JavaThread "Unconstrained build operations Thread 65" [_thread_blocked, id=15520, stack(0x000000b96f300000,0x000000b96f400000)]
  0x00000278875a5a30 JavaThread "Unconstrained build operations Thread 66" [_thread_blocked, id=8392, stack(0x000000b96f400000,0x000000b96f500000)]
  0x00000278875a4b00 JavaThread "Unconstrained build operations Thread 67" [_thread_blocked, id=8120, stack(0x000000b96f500000,0x000000b96f600000)]
  0x00000278875a7380 JavaThread "Unconstrained build operations Thread 68" [_thread_blocked, id=8964, stack(0x000000b96f600000,0x000000b96f700000)]
  0x00000278875a7890 JavaThread "Unconstrained build operations Thread 69" [_thread_blocked, id=3952, stack(0x000000b96f700000,0x000000b96f800000)]
  0x00000278875a82b0 JavaThread "Unconstrained build operations Thread 70" [_thread_blocked, id=7884, stack(0x000000b96f800000,0x000000b96f900000)]
  0x00000278875a87c0 JavaThread "Unconstrained build operations Thread 71" [_thread_blocked, id=13028, stack(0x000000b96f900000,0x000000b96fa00000)]
  0x00000278875a5f40 JavaThread "Unconstrained build operations Thread 72" [_thread_blocked, id=15832, stack(0x000000b96fa00000,0x000000b96fb00000)]
  0x00000278875a6960 JavaThread "Unconstrained build operations Thread 73" [_thread_blocked, id=15324, stack(0x000000b96fb00000,0x000000b96fc00000)]
  0x00000278875a5010 JavaThread "Unconstrained build operations Thread 74" [_thread_blocked, id=13980, stack(0x000000b96fc00000,0x000000b96fd00000)]
  0x00000278875a9c00 JavaThread "Unconstrained build operations Thread 75" [_thread_blocked, id=14944, stack(0x000000b96fd00000,0x000000b96fe00000)]
  0x00000278875a6e70 JavaThread "Unconstrained build operations Thread 76" [_thread_blocked, id=8280, stack(0x000000b96fe00000,0x000000b96ff00000)]
  0x00000278875a6450 JavaThread "Unconstrained build operations Thread 77" [_thread_blocked, id=16692, stack(0x000000b96ff00000,0x000000b970000000)]
  0x00000278875ab550 JavaThread "Unconstrained build operations Thread 78" [_thread_blocked, id=14460, stack(0x000000b970000000,0x000000b970100000)]
  0x00000278875aa110 JavaThread "Unconstrained build operations Thread 79" [_thread_blocked, id=17164, stack(0x000000b970100000,0x000000b970200000)]
  0x00000278875a91e0 JavaThread "Unconstrained build operations Thread 80" [_thread_blocked, id=1288, stack(0x000000b970200000,0x000000b970300000)]
  0x00000278875a8cd0 JavaThread "WorkerExecutor Queue" [_thread_blocked, id=12272, stack(0x000000b970300000,0x000000b970400000)]
  0x00000278875a96f0 JavaThread "RMI Scheduler(0)" daemon [_thread_blocked, id=15536, stack(0x000000b970400000,0x000000b970500000)]
  0x00000278875ab040 JavaThread "RMI GC Daemon" daemon [_thread_blocked, id=8540, stack(0x000000b970600000,0x000000b970700000)]
  0x00000278875a7da0 JavaThread "RMI TCP Accept-0" daemon [_thread_in_native, id=17072, stack(0x000000b970700000,0x000000b970800000)]
  0x00000278875aba60 JavaThread "RMI Reaper" [_thread_blocked, id=16404, stack(0x000000b970800000,0x000000b970900000)]
  0x00000278875abf70 JavaThread "RMI TCP Connection(1)-127.0.0.1" daemon [_thread_in_native, id=14868, stack(0x000000b970900000,0x000000b970a00000)]
  0x0000027887dd5780 JavaThread "WorkerExecutor Queue Thread 2" [_thread_blocked, id=15820, stack(0x000000b970500000,0x000000b970600000)]
  0x00000278875aab30 JavaThread "WorkerExecutor Queue Thread 3" [_thread_blocked, id=3368, stack(0x000000b970a00000,0x000000b970b00000)]
  0x00000278896cd2a0 JavaThread "WorkerExecutor Queue Thread 4" [_thread_blocked, id=16372, stack(0x000000b970b00000,0x000000b970c00000)]
  0x00000278866473c0 JavaThread "WorkerExecutor Queue Thread 5" [_thread_blocked, id=11188, stack(0x000000b970c00000,0x000000b970d00000)]
  0x0000027886648d10 JavaThread "WorkerExecutor Queue Thread 6" [_thread_blocked, id=556, stack(0x000000b970d00000,0x000000b970e00000)]
  0x0000027886648800 JavaThread "WorkerExecutor Queue Thread 7" [_thread_blocked, id=5944, stack(0x000000b970e00000,0x000000b970f00000)]
  0x00000278866478d0 JavaThread "WorkerExecutor Queue Thread 8" [_thread_blocked, id=14188, stack(0x000000b970f00000,0x000000b971000000)]
  0x00000278866469a0 JavaThread "ForkJoinPool.commonPool-worker-1" daemon [_thread_blocked, id=11252, stack(0x000000b967300000,0x000000b967400000)]
  0x000002788664a660 JavaThread "ForkJoinPool.commonPool-worker-2" daemon [_thread_blocked, id=8360, stack(0x000000b967400000,0x000000b967500000)]
  0x0000027886646eb0 JavaThread "ForkJoinPool.commonPool-worker-3" daemon [_thread_blocked, id=17012, stack(0x000000b967500000,0x000000b967600000)]
  0x0000027886649220 JavaThread "ForkJoinPool.commonPool-worker-4" daemon [_thread_blocked, id=10280, stack(0x000000b971000000,0x000000b971100000)]
  0x0000027886647de0 JavaThread "ForkJoinPool.commonPool-worker-5" daemon [_thread_blocked, id=5788, stack(0x000000b971100000,0x000000b971200000)]
  0x000002788664a150 JavaThread "ForkJoinPool.commonPool-worker-6" daemon [_thread_blocked, id=13848, stack(0x000000b971200000,0x000000b971300000)]
  0x00000278866482f0 JavaThread "ForkJoinPool.commonPool-worker-7" daemon [_thread_blocked, id=9660, stack(0x000000b971300000,0x000000b971400000)]

Other Threads:
=>0x000002783f1fc290 VMThread "VM Thread" [stack: 0x000000b967c00000,0x000000b967d00000] [id=952]
  0x000002783f51b150 WatcherThread [stack: 0x000000b968800000,0x000000b968900000] [id=17036]
  0x0000027823661c20 GCTaskThread "GC Thread#0" [stack: 0x000000b967700000,0x000000b967800000] [id=17140]
  0x000002783f7bc740 GCTaskThread "GC Thread#1" [stack: 0x000000b968900000,0x000000b968a00000] [id=6220]
  0x000002783f7f2440 GCTaskThread "GC Thread#2" [stack: 0x000000b968a00000,0x000000b968b00000] [id=16492]
  0x000002788503e0d0 GCTaskThread "GC Thread#3" [stack: 0x000000b968c00000,0x000000b968d00000] [id=17324]
  0x000002788503e390 GCTaskThread "GC Thread#4" [stack: 0x000000b968d00000,0x000000b968e00000] [id=11260]
  0x00000278855ce030 GCTaskThread "GC Thread#5" [stack: 0x000000b969700000,0x000000b969800000] [id=13196]
  0x00000278855ce2f0 GCTaskThread "GC Thread#6" [stack: 0x000000b969800000,0x000000b969900000] [id=16812]
  0x000002783f5229a0 GCTaskThread "GC Thread#7" [stack: 0x000000b969900000,0x000000b969a00000] [id=16304]
  0x000002782366aa80 ConcurrentGCThread "G1 Main Marker" [stack: 0x000000b967800000,0x000000b967900000] [id=5532]
  0x000002782366b3a0 ConcurrentGCThread "G1 Conc#0" [stack: 0x000000b967900000,0x000000b967a00000] [id=11892]
  0x000002788782a740 ConcurrentGCThread "G1 Conc#1" [stack: 0x000000b969f00000,0x000000b96a000000] [id=2128]
  0x000002783f0c0090 ConcurrentGCThread "G1 Refine#0" [stack: 0x000000b967a00000,0x000000b967b00000] [id=4772]
  0x000002783f0c09d0 ConcurrentGCThread "G1 Service" [stack: 0x000000b967b00000,0x000000b967c00000] [id=16120]

Threads with active compile tasks:
C2 CompilerThread0    65133 14666  s!   4       jdk.internal.loader.URLClassPath::getLoader (194 bytes)

VM state: at safepoint (normal execution)

VM Mutex/Monitor currently owned by a thread:  ([mutex/lock_event])
[0x0000027823620330] Threads_lock - owner thread: 0x000002783f1fc290
[0x0000027823620060] Heap_lock - owner thread: 0x000002788664a150

Heap address: 0x00000000c0000000, size: 1024 MB, Compressed Oops mode: 32-bit

CDS archive(s) mapped at: [0x0000027840000000-0x0000027840bd0000-0x0000027840bd0000), size 12386304, SharedBaseAddress: 0x0000027840000000, ArchiveRelocationMode: 1.
Compressed class space mapped at: 0x0000027841000000-0x0000027881000000, reserved size: 1073741824
Narrow klass base: 0x0000027840000000, Narrow klass shift: 0, Narrow klass range: 0x100000000

GC Precious Log:
 CPUs: 8 total, 8 available
 Memory: 8070M
 Large Page Support: Disabled
 NUMA Support: Disabled
 Compressed Oops: Enabled (32-bit)
 Heap Region Size: 1M
 Heap Min Capacity: 8M
 Heap Initial Capacity: 128M
 Heap Max Capacity: 1G
 Pre-touch: Disabled
 Parallel Workers: 8
 Concurrent Workers: 2
 Concurrent Refinement Workers: 8
 Periodic GC: Disabled

Heap:
 garbage-first heap   total 160768K, used 146387K [0x00000000c0000000, 0x0000000100000000)
  region size 1024K, 1 young (1024K), 1 survivors (1024K)
 Metaspace       used 113611K, committed 114560K, reserved 1179648K
  class space    used 16022K, committed 16512K, reserved 1048576K

Heap Regions: E=young(eden), S=young(survivor), O=old, HS=humongous(starts), HC=humongous(continues), CS=collection set, F=free, OA=open archive, CA=closed archive, TAMS=top-at-mark-start (previous, next)
|   0|0x00000000c0000000, 0x00000000c0100000, 0x00000000c0100000|100%|HS|  |TAMS 0x00000000c0100000, 0x00000000c0100000| Complete 
|   1|0x00000000c0100000, 0x00000000c0200000, 0x00000000c0200000|100%|HC|  |TAMS 0x00000000c0200000, 0x00000000c0200000| Complete 
|   2|0x00000000c0200000, 0x00000000c0300000, 0x00000000c0300000|100%|HC|  |TAMS 0x00000000c0300000, 0x00000000c0300000| Complete 
|   3|0x00000000c0300000, 0x00000000c0400000, 0x00000000c0400000|100%|HC|  |TAMS 0x00000000c0400000, 0x00000000c0400000| Complete 
|   4|0x00000000c0400000, 0x00000000c0500000, 0x00000000c0500000|100%| O|  |TAMS 0x00000000c0500000, 0x00000000c0500000| Untracked 
|   5|0x00000000c0500000, 0x00000000c0600000, 0x00000000c0600000|100%| O|  |TAMS 0x00000000c0600000, 0x00000000c0600000| Untracked 
|   6|0x00000000c0600000, 0x00000000c0700000, 0x00000000c0700000|100%| O|  |TAMS 0x00000000c0700000, 0x00000000c0700000| Untracked 
|   7|0x00000000c0700000, 0x00000000c0800000, 0x00000000c0800000|100%| O|  |TAMS 0x00000000c0800000, 0x00000000c0800000| Untracked 
|   8|0x00000000c0800000, 0x00000000c0900000, 0x00000000c0900000|100%| O|  |TAMS 0x00000000c0900000, 0x00000000c0900000| Untracked 
|   9|0x00000000c0900000, 0x00000000c0a00000, 0x00000000c0a00000|100%| O|  |TAMS 0x00000000c0a00000, 0x00000000c0a00000| Untracked 
|  10|0x00000000c0a00000, 0x00000000c0b00000, 0x00000000c0b00000|100%| O|  |TAMS 0x00000000c0b00000, 0x00000000c0b00000| Untracked 
|  11|0x00000000c0b00000, 0x00000000c0c00000, 0x00000000c0c00000|100%|HS|  |TAMS 0x00000000c0c00000, 0x00000000c0c00000| Complete 
|  12|0x00000000c0c00000, 0x00000000c0d00000, 0x00000000c0d00000|100%| O|  |TAMS 0x00000000c0d00000, 0x00000000c0d00000| Untracked 
|  13|0x00000000c0d00000, 0x00000000c0e00000, 0x00000000c0e00000|100%| O|  |TAMS 0x00000000c0e00000, 0x00000000c0e00000| Untracked 
|  14|0x00000000c0e00000, 0x00000000c0f00000, 0x00000000c0f00000|100%| O|  |TAMS 0x00000000c0f00000, 0x00000000c0f00000| Untracked 
|  15|0x00000000c0f00000, 0x00000000c1000000, 0x00000000c1000000|100%| O|  |TAMS 0x00000000c1000000, 0x00000000c1000000| Untracked 
|  16|0x00000000c1000000, 0x00000000c1100000, 0x00000000c1100000|100%| O|  |TAMS 0x00000000c1100000, 0x00000000c1100000| Untracked 
|  17|0x00000000c1100000, 0x00000000c1200000, 0x00000000c1200000|100%| O|  |TAMS 0x00000000c1200000, 0x00000000c1200000| Untracked 
|  18|0x00000000c1200000, 0x00000000c1300000, 0x00000000c1300000|100%| O|  |TAMS 0x00000000c1300000, 0x00000000c1300000| Untracked 
|  19|0x00000000c1300000, 0x00000000c1400000, 0x00000000c1400000|100%| O|  |TAMS 0x00000000c1400000, 0x00000000c1400000| Untracked 
|  20|0x00000000c1400000, 0x00000000c1500000, 0x00000000c1500000|100%| O|  |TAMS 0x00000000c1400000, 0x00000000c1500000| Untracked 
|  21|0x00000000c1500000, 0x00000000c1600000, 0x00000000c1600000|100%| O|  |TAMS 0x00000000c1600000, 0x00000000c1600000| Untracked 
|  22|0x00000000c1600000, 0x00000000c1700000, 0x00000000c1700000|100%| O|  |TAMS 0x00000000c1700000, 0x00000000c1700000| Untracked 
|  23|0x00000000c1700000, 0x00000000c1800000, 0x00000000c1800000|100%| O|  |TAMS 0x00000000c1800000, 0x00000000c1800000| Untracked 
|  24|0x00000000c1800000, 0x00000000c1900000, 0x00000000c1900000|100%|HS|  |TAMS 0x00000000c1900000, 0x00000000c1900000| Complete 
|  25|0x00000000c1900000, 0x00000000c1a00000, 0x00000000c1a00000|100%| O|  |TAMS 0x00000000c1a00000, 0x00000000c1a00000| Untracked 
|  26|0x00000000c1a00000, 0x00000000c1b00000, 0x00000000c1b00000|100%| O|  |TAMS 0x00000000c1b00000, 0x00000000c1b00000| Untracked 
|  27|0x00000000c1b00000, 0x00000000c1c00000, 0x00000000c1c00000|100%| O|  |TAMS 0x00000000c1c00000, 0x00000000c1c00000| Untracked 
|  28|0x00000000c1c00000, 0x00000000c1d00000, 0x00000000c1d00000|100%| O|  |TAMS 0x00000000c1d00000, 0x00000000c1d00000| Untracked 
|  29|0x00000000c1d00000, 0x00000000c1e00000, 0x00000000c1e00000|100%| O|  |TAMS 0x00000000c1e00000, 0x00000000c1e00000| Untracked 
|  30|0x00000000c1e00000, 0x00000000c1f00000, 0x00000000c1f00000|100%| O|  |TAMS 0x00000000c1f00000, 0x00000000c1f00000| Untracked 
|  31|0x00000000c1f00000, 0x00000000c2000000, 0x00000000c2000000|100%| O|  |TAMS 0x00000000c2000000, 0x00000000c2000000| Untracked 
|  32|0x00000000c2000000, 0x00000000c2100000, 0x00000000c2100000|100%| O|  |TAMS 0x00000000c2100000, 0x00000000c2100000| Untracked 
|  33|0x00000000c2100000, 0x00000000c2200000, 0x00000000c2200000|100%| O|  |TAMS 0x00000000c2200000, 0x00000000c2200000| Untracked 
|  34|0x00000000c2200000, 0x00000000c2300000, 0x00000000c2300000|100%| O|  |TAMS 0x00000000c2300000, 0x00000000c2300000| Untracked 
|  35|0x00000000c2300000, 0x00000000c2400000, 0x00000000c2400000|100%| O|  |TAMS 0x00000000c2400000, 0x00000000c2400000| Untracked 
|  36|0x00000000c2400000, 0x00000000c2500000, 0x00000000c2500000|100%| O|  |TAMS 0x00000000c2500000, 0x00000000c2500000| Untracked 
|  37|0x00000000c2500000, 0x00000000c2600000, 0x00000000c2600000|100%| O|  |TAMS 0x00000000c2600000, 0x00000000c2600000| Untracked 
|  38|0x00000000c2600000, 0x00000000c2700000, 0x00000000c2700000|100%| O|  |TAMS 0x00000000c2700000, 0x00000000c2700000| Untracked 
|  39|0x00000000c2700000, 0x00000000c2800000, 0x00000000c2800000|100%| O|  |TAMS 0x00000000c2800000, 0x00000000c2800000| Untracked 
|  40|0x00000000c2800000, 0x00000000c2900000, 0x00000000c2900000|100%| O|  |TAMS 0x00000000c2900000, 0x00000000c2900000| Untracked 
|  41|0x00000000c2900000, 0x00000000c2a00000, 0x00000000c2a00000|100%| O|  |TAMS 0x00000000c2a00000, 0x00000000c2a00000| Untracked 
|  42|0x00000000c2a00000, 0x00000000c2b00000, 0x00000000c2b00000|100%| O|  |TAMS 0x00000000c2b00000, 0x00000000c2b00000| Untracked 
|  43|0x00000000c2b00000, 0x00000000c2c00000, 0x00000000c2c00000|100%|HS|  |TAMS 0x00000000c2c00000, 0x00000000c2c00000| Complete 
|  44|0x00000000c2c00000, 0x00000000c2d00000, 0x00000000c2d00000|100%|HS|  |TAMS 0x00000000c2d00000, 0x00000000c2d00000| Complete 
|  45|0x00000000c2d00000, 0x00000000c2e00000, 0x00000000c2e00000|100%|HS|  |TAMS 0x00000000c2e00000, 0x00000000c2e00000| Complete 
|  46|0x00000000c2e00000, 0x00000000c2f00000, 0x00000000c2f00000|100%|HC|  |TAMS 0x00000000c2f00000, 0x00000000c2f00000| Complete 
|  47|0x00000000c2f00000, 0x00000000c3000000, 0x00000000c3000000|100%|HS|  |TAMS 0x00000000c3000000, 0x00000000c3000000| Complete 
|  48|0x00000000c3000000, 0x00000000c3100000, 0x00000000c3100000|100%|HC|  |TAMS 0x00000000c3100000, 0x00000000c3100000| Complete 
|  49|0x00000000c3100000, 0x00000000c3200000, 0x00000000c3200000|100%|HS|  |TAMS 0x00000000c3200000, 0x00000000c3200000| Complete 
|  50|0x00000000c3200000, 0x00000000c3300000, 0x00000000c3300000|100%|HS|  |TAMS 0x00000000c3300000, 0x00000000c3300000| Complete 
|  51|0x00000000c3300000, 0x00000000c3400000, 0x00000000c3400000|100%|HC|  |TAMS 0x00000000c3400000, 0x00000000c3400000| Complete 
|  52|0x00000000c3400000, 0x00000000c3500000, 0x00000000c3500000|100%|HC|  |TAMS 0x00000000c3500000, 0x00000000c3500000| Complete 
|  53|0x00000000c3500000, 0x00000000c3600000, 0x00000000c3600000|100%| O|  |TAMS 0x00000000c3600000, 0x00000000c3600000| Untracked 
|  54|0x00000000c3600000, 0x00000000c3700000, 0x00000000c3700000|100%| O|  |TAMS 0x00000000c3700000, 0x00000000c3700000| Untracked 
|  55|0x00000000c3700000, 0x00000000c3800000, 0x00000000c3800000|100%| O|  |TAMS 0x00000000c3800000, 0x00000000c3800000| Untracked 
|  56|0x00000000c3800000, 0x00000000c3900000, 0x00000000c3900000|100%| O|  |TAMS 0x00000000c3900000, 0x00000000c3900000| Untracked 
|  57|0x00000000c3900000, 0x00000000c3a00000, 0x00000000c3a00000|100%|HS|  |TAMS 0x00000000c3a00000, 0x00000000c3a00000| Complete 
|  58|0x00000000c3a00000, 0x00000000c3b00000, 0x00000000c3b00000|100%| O|  |TAMS 0x00000000c3b00000, 0x00000000c3b00000| Untracked 
|  59|0x00000000c3b00000, 0x00000000c3c00000, 0x00000000c3c00000|100%|HS|  |TAMS 0x00000000c3c00000, 0x00000000c3c00000| Complete 
|  60|0x00000000c3c00000, 0x00000000c3d00000, 0x00000000c3d00000|100%| O|  |TAMS 0x00000000c3d00000, 0x00000000c3d00000| Untracked 
|  61|0x00000000c3d00000, 0x00000000c3e00000, 0x00000000c3e00000|100%| O|  |TAMS 0x00000000c3e00000, 0x00000000c3e00000| Untracked 
|  62|0x00000000c3e00000, 0x00000000c3f00000, 0x00000000c3f00000|100%| O|  |TAMS 0x00000000c3f00000, 0x00000000c3f00000| Untracked 
|  63|0x00000000c3f00000, 0x00000000c4000000, 0x00000000c4000000|100%|HS|  |TAMS 0x00000000c4000000, 0x00000000c4000000| Complete 
|  64|0x00000000c4000000, 0x00000000c4100000, 0x00000000c4100000|100%| O|  |TAMS 0x00000000c4100000, 0x00000000c4100000| Untracked 
|  65|0x00000000c4100000, 0x00000000c4200000, 0x00000000c4200000|100%| O|  |TAMS 0x00000000c4200000, 0x00000000c4200000| Untracked 
|  66|0x00000000c4200000, 0x00000000c4300000, 0x00000000c4300000|100%| O|  |TAMS 0x00000000c4300000, 0x00000000c4300000| Untracked 
|  67|0x00000000c4300000, 0x00000000c4400000, 0x00000000c4400000|100%| O|  |TAMS 0x00000000c4400000, 0x00000000c4400000| Untracked 
|  68|0x00000000c4400000, 0x00000000c4500000, 0x00000000c4500000|100%| O|  |TAMS 0x00000000c4500000, 0x00000000c4500000| Untracked 
|  69|0x00000000c4500000, 0x00000000c4600000, 0x00000000c4600000|100%| O|  |TAMS 0x00000000c4600000, 0x00000000c4600000| Untracked 
|  70|0x00000000c4600000, 0x00000000c4700000, 0x00000000c4700000|100%| O|  |TAMS 0x00000000c4700000, 0x00000000c4700000| Untracked 
|  71|0x00000000c4700000, 0x00000000c4800000, 0x00000000c4800000|100%| O|  |TAMS 0x00000000c4800000, 0x00000000c4800000| Untracked 
|  72|0x00000000c4800000, 0x00000000c4900000, 0x00000000c4900000|100%| O|  |TAMS 0x00000000c4900000, 0x00000000c4900000| Untracked 
|  73|0x00000000c4900000, 0x00000000c4a00000, 0x00000000c4a00000|100%| O|  |TAMS 0x00000000c4a00000, 0x00000000c4a00000| Untracked 
|  74|0x00000000c4a00000, 0x00000000c4b00000, 0x00000000c4b00000|100%|HS|  |TAMS 0x00000000c4b00000, 0x00000000c4b00000| Complete 
|  75|0x00000000c4b00000, 0x00000000c4c00000, 0x00000000c4c00000|100%|HC|  |TAMS 0x00000000c4c00000, 0x00000000c4c00000| Complete 
|  76|0x00000000c4c00000, 0x00000000c4d00000, 0x00000000c4d00000|100%|HC|  |TAMS 0x00000000c4d00000, 0x00000000c4d00000| Complete 
|  77|0x00000000c4d00000, 0x00000000c4e00000, 0x00000000c4e00000|100%| O|  |TAMS 0x00000000c4e00000, 0x00000000c4e00000| Untracked 
|  78|0x00000000c4e00000, 0x00000000c4f00000, 0x00000000c4f00000|100%| O|  |TAMS 0x00000000c4f00000, 0x00000000c4f00000| Untracked 
|  79|0x00000000c4f00000, 0x00000000c5000000, 0x00000000c5000000|100%| O|  |TAMS 0x00000000c5000000, 0x00000000c5000000| Untracked 
|  80|0x00000000c5000000, 0x00000000c5100000, 0x00000000c5100000|100%| O|  |TAMS 0x00000000c5100000, 0x00000000c5100000| Untracked 
|  81|0x00000000c5100000, 0x00000000c5200000, 0x00000000c5200000|100%| O|  |TAMS 0x00000000c5200000, 0x00000000c5200000| Untracked 
|  82|0x00000000c5200000, 0x00000000c5300000, 0x00000000c5300000|100%| O|  |TAMS 0x00000000c5300000, 0x00000000c5300000| Untracked 
|  83|0x00000000c5300000, 0x00000000c5400000, 0x00000000c5400000|100%| O|  |TAMS 0x00000000c5400000, 0x00000000c5400000| Untracked 
|  84|0x00000000c5400000, 0x00000000c5500000, 0x00000000c5500000|100%| O|  |TAMS 0x00000000c5500000, 0x00000000c5500000| Untracked 
|  85|0x00000000c5500000, 0x00000000c5600000, 0x00000000c5600000|100%| O|  |TAMS 0x00000000c5600000, 0x00000000c5600000| Untracked 
|  86|0x00000000c5600000, 0x00000000c5700000, 0x00000000c5700000|100%| O|  |TAMS 0x00000000c5700000, 0x00000000c5700000| Untracked 
|  87|0x00000000c5700000, 0x00000000c5800000, 0x00000000c5800000|100%| O|  |TAMS 0x00000000c5800000, 0x00000000c5800000| Untracked 
|  88|0x00000000c5800000, 0x00000000c5900000, 0x00000000c5900000|100%| O|  |TAMS 0x00000000c580c000, 0x00000000c5900000| Untracked 
|  89|0x00000000c5900000, 0x00000000c5a00000, 0x00000000c5a00000|100%| O|  |TAMS 0x00000000c5900000, 0x00000000c5a00000| Untracked 
|  90|0x00000000c5a00000, 0x00000000c5b00000, 0x00000000c5b00000|100%| O|  |TAMS 0x00000000c5a00000, 0x00000000c5b00000| Untracked 
|  91|0x00000000c5b00000, 0x00000000c5c00000, 0x00000000c5c00000|100%| O|  |TAMS 0x00000000c5b00000, 0x00000000c5c00000| Untracked 
|  92|0x00000000c5c00000, 0x00000000c5d00000, 0x00000000c5d00000|100%| O|  |TAMS 0x00000000c5c00000, 0x00000000c5d00000| Untracked 
|  93|0x00000000c5d00000, 0x00000000c5e00000, 0x00000000c5e00000|100%| O|  |TAMS 0x00000000c5d00000, 0x00000000c5e00000| Untracked 
|  94|0x00000000c5e00000, 0x00000000c5f00000, 0x00000000c5f00000|100%| O|  |TAMS 0x00000000c5e00000, 0x00000000c5f00000| Untracked 
|  95|0x00000000c5f00000, 0x00000000c6000000, 0x00000000c6000000|100%| O|  |TAMS 0x00000000c5f00000, 0x00000000c6000000| Untracked 
|  96|0x00000000c6000000, 0x00000000c6100000, 0x00000000c6100000|100%| O|  |TAMS 0x00000000c6000000, 0x00000000c6100000| Untracked 
|  97|0x00000000c6100000, 0x00000000c6200000, 0x00000000c6200000|100%| O|  |TAMS 0x00000000c6100000, 0x00000000c6200000| Untracked 
|  98|0x00000000c6200000, 0x00000000c6300000, 0x00000000c6300000|100%| O|  |TAMS 0x00000000c6200000, 0x00000000c6300000| Untracked 
|  99|0x00000000c6300000, 0x00000000c6400000, 0x00000000c6400000|100%| O|  |TAMS 0x00000000c6300000, 0x00000000c6400000| Untracked 
| 100|0x00000000c6400000, 0x00000000c6500000, 0x00000000c6500000|100%| O|  |TAMS 0x00000000c6400000, 0x00000000c6500000| Untracked 
| 101|0x00000000c6500000, 0x00000000c6600000, 0x00000000c6600000|100%| O|  |TAMS 0x00000000c6500000, 0x00000000c6600000| Untracked 
| 102|0x00000000c6600000, 0x00000000c6700000, 0x00000000c6700000|100%| O|  |TAMS 0x00000000c6600000, 0x00000000c6700000| Untracked 
| 103|0x00000000c6700000, 0x00000000c6800000, 0x00000000c6800000|100%| O|  |TAMS 0x00000000c6700000, 0x00000000c6800000| Untracked 
| 104|0x00000000c6800000, 0x00000000c6900000, 0x00000000c6900000|100%| O|  |TAMS 0x00000000c6800000, 0x00000000c6900000| Untracked 
| 105|0x00000000c6900000, 0x00000000c6a00000, 0x00000000c6a00000|100%| O|  |TAMS 0x00000000c6900000, 0x00000000c6a00000| Untracked 
| 106|0x00000000c6a00000, 0x00000000c6b00000, 0x00000000c6b00000|100%| O|  |TAMS 0x00000000c6a00000, 0x00000000c6b00000| Untracked 
| 107|0x00000000c6b00000, 0x00000000c6c00000, 0x00000000c6c00000|100%| O|  |TAMS 0x00000000c6b00000, 0x00000000c6c00000| Untracked 
| 108|0x00000000c6c00000, 0x00000000c6d00000, 0x00000000c6d00000|100%| O|  |TAMS 0x00000000c6c00000, 0x00000000c6d00000| Untracked 
| 109|0x00000000c6d00000, 0x00000000c6e00000, 0x00000000c6e00000|100%| O|  |TAMS 0x00000000c6d00000, 0x00000000c6e00000| Untracked 
| 110|0x00000000c6e00000, 0x00000000c6f00000, 0x00000000c6f00000|100%| O|  |TAMS 0x00000000c6e00000, 0x00000000c6f00000| Untracked 
| 111|0x00000000c6f00000, 0x00000000c7000000, 0x00000000c7000000|100%| O|  |TAMS 0x00000000c6f00000, 0x00000000c7000000| Untracked 
| 112|0x00000000c7000000, 0x00000000c7100000, 0x00000000c7100000|100%| O|  |TAMS 0x00000000c7000000, 0x00000000c7100000| Untracked 
| 113|0x00000000c7100000, 0x00000000c7200000, 0x00000000c7200000|100%| O|  |TAMS 0x00000000c7100000, 0x00000000c7200000| Untracked 
| 114|0x00000000c7200000, 0x00000000c7300000, 0x00000000c7300000|100%| O|  |TAMS 0x00000000c7200000, 0x00000000c7300000| Untracked 
| 115|0x00000000c7300000, 0x00000000c7400000, 0x00000000c7400000|100%| O|  |TAMS 0x00000000c7300000, 0x00000000c7328c00| Untracked 
| 116|0x00000000c7400000, 0x00000000c7500000, 0x00000000c7500000|100%|HS|  |TAMS 0x00000000c7400000, 0x00000000c7400000| Complete 
| 117|0x00000000c7500000, 0x00000000c7600000, 0x00000000c7600000|100%|HC|  |TAMS 0x00000000c7500000, 0x00000000c7500000| Complete 
| 118|0x00000000c7600000, 0x00000000c7700000, 0x00000000c7700000|100%|HS|  |TAMS 0x00000000c7600000, 0x00000000c7600000| Complete 
| 119|0x00000000c7700000, 0x00000000c7800000, 0x00000000c7800000|100%|HC|  |TAMS 0x00000000c7700000, 0x00000000c7700000| Complete 
| 120|0x00000000c7800000, 0x00000000c7800000, 0x00000000c7900000|  0%| F|  |TAMS 0x00000000c7800000, 0x00000000c7800000| Untracked 
| 121|0x00000000c7900000, 0x00000000c7900000, 0x00000000c7a00000|  0%| F|  |TAMS 0x00000000c7900000, 0x00000000c7900000| Untracked 
| 122|0x00000000c7a00000, 0x00000000c7b00000, 0x00000000c7b00000|100%|HS|  |TAMS 0x00000000c7a00000, 0x00000000c7a00000| Complete 
| 123|0x00000000c7b00000, 0x00000000c7c00000, 0x00000000c7c00000|100%|HC|  |TAMS 0x00000000c7b00000, 0x00000000c7b00000| Complete 
| 124|0x00000000c7c00000, 0x00000000c7d00000, 0x00000000c7d00000|100%| O|  |TAMS 0x00000000c7c00000, 0x00000000c7c00000| Untracked 
| 125|0x00000000c7d00000, 0x00000000c7e00000, 0x00000000c7e00000|100%| O|  |TAMS 0x00000000c7d00000, 0x00000000c7d00000| Untracked 
| 126|0x00000000c7e00000, 0x00000000c7ef0a00, 0x00000000c7f00000| 93%| O|  |TAMS 0x00000000c7e00000, 0x00000000c7e00000| Untracked 
| 127|0x00000000c7f00000, 0x00000000c8000000, 0x00000000c8000000|100%|HS|  |TAMS 0x00000000c7f00000, 0x00000000c7f00000| Complete 
| 128|0x00000000c8000000, 0x00000000c8100000, 0x00000000c8100000|100%|HC|  |TAMS 0x00000000c8000000, 0x00000000c8000000| Complete 
| 129|0x00000000c8100000, 0x00000000c8100000, 0x00000000c8200000|  0%| F|  |TAMS 0x00000000c8100000, 0x00000000c8100000| Untracked 
| 130|0x00000000c8200000, 0x00000000c8200000, 0x00000000c8300000|  0%| F|  |TAMS 0x00000000c8200000, 0x00000000c8200000| Untracked 
| 131|0x00000000c8300000, 0x00000000c8400000, 0x00000000c8400000|100%|HS|  |TAMS 0x00000000c8300000, 0x00000000c8300000| Complete 
| 132|0x00000000c8400000, 0x00000000c8500000, 0x00000000c8500000|100%|HC|  |TAMS 0x00000000c8400000, 0x00000000c8400000| Complete 
| 133|0x00000000c8500000, 0x00000000c8500000, 0x00000000c8600000|  0%| F|  |TAMS 0x00000000c8500000, 0x00000000c8500000| Untracked 
| 134|0x00000000c8600000, 0x00000000c8600000, 0x00000000c8700000|  0%| F|  |TAMS 0x00000000c8600000, 0x00000000c8600000| Untracked 
| 135|0x00000000c8700000, 0x00000000c8700000, 0x00000000c8800000|  0%| F|  |TAMS 0x00000000c8700000, 0x00000000c8700000| Untracked 
| 136|0x00000000c8800000, 0x00000000c8800000, 0x00000000c8900000|  0%| F|  |TAMS 0x00000000c8800000, 0x00000000c8800000| Untracked 
| 137|0x00000000c8900000, 0x00000000c8a00000, 0x00000000c8a00000|100%|HS|  |TAMS 0x00000000c8900000, 0x00000000c8900000| Complete 
| 138|0x00000000c8a00000, 0x00000000c8b00000, 0x00000000c8b00000|100%|HC|  |TAMS 0x00000000c8a00000, 0x00000000c8a00000| Complete 
| 139|0x00000000c8b00000, 0x00000000c8c00000, 0x00000000c8c00000|100%|HS|  |TAMS 0x00000000c8b00000, 0x00000000c8b00000| Complete 
| 140|0x00000000c8c00000, 0x00000000c8d00000, 0x00000000c8d00000|100%|HC|  |TAMS 0x00000000c8c00000, 0x00000000c8c00000| Complete 
| 141|0x00000000c8d00000, 0x00000000c8d00000, 0x00000000c8e00000|  0%| F|  |TAMS 0x00000000c8d00000, 0x00000000c8d00000| Untracked 
| 142|0x00000000c8e00000, 0x00000000c8e00000, 0x00000000c8f00000|  0%| F|  |TAMS 0x00000000c8e00000, 0x00000000c8e00000| Untracked 
| 143|0x00000000c8f00000, 0x00000000c9000000, 0x00000000c9000000|100%|HS|  |TAMS 0x00000000c8f00000, 0x00000000c8f00000| Complete 
| 144|0x00000000c9000000, 0x00000000c9100000, 0x00000000c9100000|100%|HC|  |TAMS 0x00000000c9000000, 0x00000000c9000000| Complete 
| 145|0x00000000c9100000, 0x00000000c9200000, 0x00000000c9200000|100%|HS|  |TAMS 0x00000000c9100000, 0x00000000c9100000| Complete 
| 146|0x00000000c9200000, 0x00000000c9300000, 0x00000000c9300000|100%|HC|  |TAMS 0x00000000c9200000, 0x00000000c9200000| Complete 
| 147|0x00000000c9300000, 0x00000000c9300000, 0x00000000c9400000|  0%| F|  |TAMS 0x00000000c9300000, 0x00000000c9300000| Untracked 
| 148|0x00000000c9400000, 0x00000000c9500000, 0x00000000c9500000|100%|HS|  |TAMS 0x00000000c9400000, 0x00000000c9400000| Complete 
| 149|0x00000000c9500000, 0x00000000c9600000, 0x00000000c9600000|100%|HC|  |TAMS 0x00000000c9500000, 0x00000000c9500000| Complete 
| 150|0x00000000c9600000, 0x00000000c9700000, 0x00000000c9700000|100%|HS|  |TAMS 0x00000000c9600000, 0x00000000c9600000| Complete 
| 151|0x00000000c9700000, 0x00000000c9800000, 0x00000000c9800000|100%|HC|  |TAMS 0x00000000c9700000, 0x00000000c9700000| Complete 
| 152|0x00000000c9800000, 0x00000000c9900000, 0x00000000c9900000|100%|HS|  |TAMS 0x00000000c9800000, 0x00000000c9800000| Complete 
| 153|0x00000000c9900000, 0x00000000c9a00000, 0x00000000c9a00000|100%|HC|  |TAMS 0x00000000c9900000, 0x00000000c9900000| Complete 
| 154|0x00000000c9a00000, 0x00000000c9a00000, 0x00000000c9b00000|  0%| F|  |TAMS 0x00000000c9a00000, 0x00000000c9a00000| Untracked 
| 155|0x00000000c9b00000, 0x00000000c9b042a0, 0x00000000c9c00000|  1%| S|CS|TAMS 0x00000000c9b00000, 0x00000000c9b00000| Complete 
| 156|0x00000000c9c00000, 0x00000000c9c00000, 0x00000000c9d00000|  0%| F|  |TAMS 0x00000000c9c00000, 0x00000000c9c00000| Untracked 

Card table byte_map: [0x000002783a420000,0x000002783a620000] _byte_map_base: 0x0000027839e20000

Marking Bits (Prev, Next): (CMBitMap*) 0x0000027823662150, (CMBitMap*) 0x0000027823662190
 Prev Bits: [0x000002783a820000, 0x000002783b820000)
 Next Bits: [0x000002783b820000, 0x000002783c820000)

Polling page: 0x0000027821300000

Metaspace:

Usage:
  Non-class:     95.30 MB used.
      Class:     15.65 MB used.
       Both:    110.95 MB used.

Virtual space:
  Non-class space:      128.00 MB reserved,      95.75 MB ( 75%) committed,  2 nodes.
      Class space:        1.00 GB reserved,      16.12 MB (  2%) committed,  1 nodes.
             Both:        1.12 GB reserved,     111.88 MB ( 10%) committed. 

Chunk freelists:
   Non-Class:  15.81 MB
       Class:  15.91 MB
        Both:  31.72 MB

MaxMetaspaceSize: unlimited
CompressedClassSpaceSize: 1.00 GB
Initial GC threshold: 21.00 MB
Current GC threshold: 138.25 MB
CDS: on
MetaspaceReclaimPolicy: balanced
 - commit_granule_bytes: 65536.
 - commit_granule_words: 8192.
 - virtual_space_node_default_size: 8388608.
 - enlarge_chunks_in_place: 1.
 - new_chunks_are_fully_committed: 0.
 - uncommit_free_chunks: 1.
 - use_allocation_guard: 0.
 - handle_deallocations: 1.


Internal statistics:

num_allocs_failed_limit: 6.
num_arena_births: 1480.
num_arena_deaths: 0.
num_vsnodes_births: 3.
num_vsnodes_deaths: 0.
num_space_committed: 1789.
num_space_uncommitted: 0.
num_chunks_returned_to_freelist: 6.
num_chunks_taken_from_freelist: 6311.
num_chunk_merges: 6.
num_chunk_splits: 4179.
num_chunks_enlarged: 2796.
num_inconsistent_stats: 0.

CodeHeap 'non-profiled nmethods': size=120000Kb used=5753Kb max_used=5753Kb free=114246Kb
 bounds [0x00000278329b0000, 0x0000027832f50000, 0x0000027839ee0000]
CodeHeap 'profiled nmethods': size=120000Kb used=24107Kb max_used=24107Kb free=95892Kb
 bounds [0x000002782aee0000, 0x000002782c670000, 0x0000027832410000]
CodeHeap 'non-nmethods': size=5760Kb used=1769Kb max_used=1839Kb free=3990Kb
 bounds [0x0000027832410000, 0x0000027832680000, 0x00000278329b0000]
 total_blobs=13897 nmethods=13028 adapters=779
 compilation: enabled
              stopped_count=0, restarted_count=0
 full_count=0

Compilation events (20 events):
Event: 62.806 Thread 0x000002783f248410 14709       2       com.android.zipflinger.Location::compareTo (9 bytes)
Event: 62.806 Thread 0x000002783f248410 nmethod 14709 0x000002782c660c10 code [0x000002782c660dc0, 0x000002782c660fe8]
Event: 62.808 Thread 0x000002783f248410 14711       2       java.net.URL::getDefaultPort (8 bytes)
Event: 62.808 Thread 0x000002783f248410 nmethod 14711 0x000002782c661110 code [0x000002782c6612a0, 0x000002782c6613c8]
Event: 62.809 Thread 0x000002783f248410 14712       2       sun.net.util.URLUtil::urlNoFragString (114 bytes)
Event: 62.809 Thread 0x000002783f248410 nmethod 14712 0x000002782c661490 code [0x000002782c6616e0, 0x000002782c661b58]
Event: 62.814 Thread 0x000002783f248410 14713   !   3       java.net.URL::<init> (543 bytes)
Event: 62.820 Thread 0x000002783f248410 nmethod 14713 0x000002782c661e90 code [0x000002782c662540, 0x000002782c6660c8]
Event: 62.821 Thread 0x000002783f248410 14714       2       java.lang.invoke.MethodHandles$Lookup::checkField (58 bytes)
Event: 62.821 Thread 0x000002783f248410 nmethod 14714 0x000002782c668310 code [0x000002782c6684c0, 0x000002782c668678]
Event: 62.835 Thread 0x000002783f248410 14717       2       java.lang.invoke.MethodHandle::viewAsType (33 bytes)
Event: 62.835 Thread 0x000002783f248410 nmethod 14717 0x000002782c668790 code [0x000002782c668920, 0x000002782c668a48]
Event: 62.835 Thread 0x000002783f248410 14718       3       java.lang.Integer::stringSize (47 bytes)
Event: 62.835 Thread 0x000002783f248410 nmethod 14718 0x000002782c668b10 code [0x000002782c668cc0, 0x000002782c668f18]
Event: 62.835 Thread 0x000002783f248410 14719       2       java.lang.invoke.DirectMethodHandle$Holder::invokeStatic (17 bytes)
Event: 62.836 Thread 0x000002783f248410 nmethod 14719 0x000002782c669010 code [0x000002782c6691c0, 0x000002782c669318]
Event: 62.836 Thread 0x000002783f248410 14720       2       java.io.Writer::write (11 bytes)
Event: 62.836 Thread 0x000002783f248410 nmethod 14720 0x000002782c669410 code [0x000002782c6695c0, 0x000002782c669708]
Event: 62.850 Thread 0x000002783f248410 14721       3       java.net.URLStreamHandler::setURL (73 bytes)
Event: 62.851 Thread 0x000002783f248410 nmethod 14721 0x000002782c669810 code [0x000002782c669ae0, 0x000002782c66a958]

GC Heap History (20 events):
Event: 60.977 GC heap after
{Heap after GC invocations=72 (full 0):
 garbage-first heap   total 160768K, used 116729K [0x00000000c0000000, 0x0000000100000000)
  region size 1024K, 3 young (3072K), 3 survivors (3072K)
 Metaspace       used 107636K, committed 108544K, reserved 1179648K
  class space    used 15113K, committed 15552K, reserved 1048576K
}
Event: 61.397 GC heap before
{Heap before GC invocations=72 (full 0):
 garbage-first heap   total 160768K, used 139257K [0x00000000c0000000, 0x0000000100000000)
  region size 1024K, 26 young (26624K), 3 survivors (3072K)
 Metaspace       used 109456K, committed 110464K, reserved 1179648K
  class space    used 15379K, committed 15872K, reserved 1048576K
}
Event: 61.403 GC heap after
{Heap after GC invocations=73 (full 0):
 garbage-first heap   total 160768K, used 117038K [0x00000000c0000000, 0x0000000100000000)
  region size 1024K, 3 young (3072K), 3 survivors (3072K)
 Metaspace       used 109456K, committed 110464K, reserved 1179648K
  class space    used 15379K, committed 15872K, reserved 1048576K
}
Event: 61.567 GC heap before
{Heap before GC invocations=73 (full 0):
 garbage-first heap   total 160768K, used 138542K [0x00000000c0000000, 0x0000000100000000)
  region size 1024K, 25 young (25600K), 3 survivors (3072K)
 Metaspace       used 109480K, committed 110464K, reserved 1179648K
  class space    used 15379K, committed 15872K, reserved 1048576K
}
Event: 61.572 GC heap after
{Heap after GC invocations=74 (full 0):
 garbage-first heap   total 160768K, used 118054K [0x00000000c0000000, 0x0000000100000000)
  region size 1024K, 4 young (4096K), 4 survivors (4096K)
 Metaspace       used 109480K, committed 110464K, reserved 1179648K
  class space    used 15379K, committed 15872K, reserved 1048576K
}
Event: 61.870 GC heap before
{Heap before GC invocations=74 (full 0):
 garbage-first heap   total 160768K, used 137510K [0x00000000c0000000, 0x0000000100000000)
  region size 1024K, 24 young (24576K), 4 survivors (4096K)
 Metaspace       used 110486K, committed 111488K, reserved 1179648K
  class space    used 15563K, committed 16064K, reserved 1048576K
}
Event: 61.876 GC heap after
{Heap after GC invocations=75 (full 0):
 garbage-first heap   total 160768K, used 118912K [0x00000000c0000000, 0x0000000100000000)
  region size 1024K, 3 young (3072K), 3 survivors (3072K)
 Metaspace       used 110486K, committed 111488K, reserved 1179648K
  class space    used 15563K, committed 16064K, reserved 1048576K
}
Event: 62.324 GC heap before
{Heap before GC invocations=75 (full 0):
 garbage-first heap   total 160768K, used 140416K [0x00000000c0000000, 0x0000000100000000)
  region size 1024K, 24 young (24576K), 3 survivors (3072K)
 Metaspace       used 111991K, committed 112960K, reserved 1179648K
  class space    used 15813K, committed 16320K, reserved 1048576K
}
Event: 62.330 GC heap after
{Heap after GC invocations=76 (full 0):
 garbage-first heap   total 160768K, used 120995K [0x00000000c0000000, 0x0000000100000000)
  region size 1024K, 3 young (3072K), 3 survivors (3072K)
 Metaspace       used 111991K, committed 112960K, reserved 1179648K
  class space    used 15813K, committed 16320K, reserved 1048576K
}
Event: 62.869 GC heap before
{Heap before GC invocations=76 (full 0):
 garbage-first heap   total 160768K, used 140451K [0x00000000c0000000, 0x0000000100000000)
  region size 1024K, 16 young (16384K), 3 survivors (3072K)
 Metaspace       used 113607K, committed 114560K, reserved 1179648K
  class space    used 16022K, committed 16512K, reserved 1048576K
}
Event: 62.874 GC heap after
{Heap after GC invocations=77 (full 0):
 garbage-first heap   total 160768K, used 130242K [0x00000000c0000000, 0x0000000100000000)
  region size 1024K, 1 young (1024K), 1 survivors (1024K)
 Metaspace       used 113607K, committed 114560K, reserved 1179648K
  class space    used 16022K, committed 16512K, reserved 1048576K
}
Event: 62.910 GC heap before
{Heap before GC invocations=77 (full 0):
 garbage-first heap   total 160768K, used 156866K [0x00000000c0000000, 0x0000000100000000)
  region size 1024K, 2 young (2048K), 1 survivors (1024K)
 Metaspace       used 113611K, committed 114560K, reserved 1179648K
  class space    used 16022K, committed 16512K, reserved 1048576K
}
Event: 62.912 GC heap after
{Heap after GC invocations=78 (full 0):
 garbage-first heap   total 160768K, used 142384K [0x00000000c0000000, 0x0000000100000000)
  region size 1024K, 1 young (1024K), 1 survivors (1024K)
 Metaspace       used 113611K, committed 114560K, reserved 1179648K
  class space    used 16022K, committed 16512K, reserved 1048576K
}
Event: 62.933 GC heap before
{Heap before GC invocations=78 (full 0):
 garbage-first heap   total 160768K, used 156720K [0x00000000c0000000, 0x0000000100000000)
  region size 1024K, 2 young (2048K), 1 survivors (1024K)
 Metaspace       used 113611K, committed 114560K, reserved 1179648K
  class space    used 16022K, committed 16512K, reserved 1048576K
}
Event: 62.935 GC heap after
{Heap after GC invocations=79 (full 0):
 garbage-first heap   total 160768K, used 144442K [0x00000000c0000000, 0x0000000100000000)
  region size 1024K, 1 young (1024K), 1 survivors (1024K)
 Metaspace       used 113611K, committed 114560K, reserved 1179648K
  class space    used 16022K, committed 16512K, reserved 1048576K
}
Event: 62.958 GC heap before
{Heap before GC invocations=79 (full 0):
 garbage-first heap   total 160768K, used 156730K [0x00000000c0000000, 0x0000000100000000)
  region size 1024K, 2 young (2048K), 1 survivors (1024K)
 Metaspace       used 113611K, committed 114560K, reserved 1179648K
  class space    used 16022K, committed 16512K, reserved 1048576K
}
Event: 62.960 GC heap after
{Heap after GC invocations=80 (full 0):
 garbage-first heap   total 160768K, used 142305K [0x00000000c0000000, 0x0000000100000000)
  region size 1024K, 1 young (1024K), 1 survivors (1024K)
 Metaspace       used 113611K, committed 114560K, reserved 1179648K
  class space    used 16022K, committed 16512K, reserved 1048576K
}
Event: 62.978 GC heap before
{Heap before GC invocations=80 (full 0):
 garbage-first heap   total 160768K, used 156641K [0x00000000c0000000, 0x0000000100000000)
  region size 1024K, 2 young (2048K), 1 survivors (1024K)
 Metaspace       used 113611K, committed 114560K, reserved 1179648K
  class space    used 16022K, committed 16512K, reserved 1048576K
}
Event: 62.980 GC heap after
{Heap after GC invocations=81 (full 0):
 garbage-first heap   total 160768K, used 146387K [0x00000000c0000000, 0x0000000100000000)
  region size 1024K, 1 young (1024K), 1 survivors (1024K)
 Metaspace       used 113611K, committed 114560K, reserved 1179648K
  class space    used 16022K, committed 16512K, reserved 1048576K
}
Event: 62.996 GC heap before
{Heap before GC invocations=81 (full 0):
 garbage-first heap   total 160768K, used 156627K [0x00000000c0000000, 0x0000000100000000)
  region size 1024K, 2 young (2048K), 1 survivors (1024K)
 Metaspace       used 113611K, committed 114560K, reserved 1179648K
  class space    used 16022K, committed 16512K, reserved 1048576K
}

Deoptimization events (20 events):
Event: 62.421 Thread 0x00000278866478d0 DEOPT PACKING pc=0x000002782afcf904 sp=0x000000b970ffcde0
Event: 62.421 Thread 0x00000278866478d0 DEOPT UNPACKING pc=0x0000027832462b43 sp=0x000000b970ffc2b0 mode 0
Event: 62.423 Thread 0x00000278866478d0 Uncommon trap: trap_request=0xffffff45 fr.pc=0x0000027832c14ae4 relative=0x0000000000000a24
Event: 62.423 Thread 0x00000278866478d0 Uncommon trap: reason=unstable_if action=reinterpret pc=0x0000027832c14ae4 method=sun.net.util.IPAddressUtil.scan(Ljava/lang/String;JJ[C)I @ 14 c2
Event: 62.423 Thread 0x00000278866478d0 DEOPT PACKING pc=0x0000027832c14ae4 sp=0x000000b970ffcac0
Event: 62.423 Thread 0x00000278866478d0 DEOPT UNPACKING pc=0x00000278324623a3 sp=0x000000b970ffc940 mode 2
Event: 62.583 Thread 0x00000278866478d0 DEOPT PACKING pc=0x000002782bbfb048 sp=0x000000b970ffd4e0
Event: 62.583 Thread 0x00000278866478d0 DEOPT UNPACKING pc=0x0000027832462b43 sp=0x000000b970ffc960 mode 0
Event: 62.699 Thread 0x00000278866478d0 Uncommon trap: trap_request=0xffffffbe fr.pc=0x0000027832f2a6e4 relative=0x00000000000001c4
Event: 62.699 Thread 0x00000278866478d0 Uncommon trap: reason=profile_predicate action=maybe_recompile pc=0x0000027832f2a6e4 method=java.util.LinkedHashMap.keysToArray([Ljava/lang/Object;)[Ljava/lang/Object; @ 12 c2
Event: 62.699 Thread 0x00000278866478d0 DEOPT PACKING pc=0x0000027832f2a6e4 sp=0x000000b970ffccb0
Event: 62.699 Thread 0x00000278866478d0 DEOPT UNPACKING pc=0x00000278324623a3 sp=0x000000b970ffcc68 mode 2
Event: 62.700 Thread 0x00000278866478d0 Uncommon trap: trap_request=0xffffffbe fr.pc=0x0000027832f2a6e4 relative=0x00000000000001c4
Event: 62.700 Thread 0x00000278866478d0 Uncommon trap: reason=profile_predicate action=maybe_recompile pc=0x0000027832f2a6e4 method=java.util.LinkedHashMap.keysToArray([Ljava/lang/Object;)[Ljava/lang/Object; @ 12 c2
Event: 62.700 Thread 0x00000278866478d0 DEOPT PACKING pc=0x0000027832f2a6e4 sp=0x000000b970ffcc70
Event: 62.700 Thread 0x00000278866478d0 DEOPT UNPACKING pc=0x00000278324623a3 sp=0x000000b970ffcc28 mode 2
Event: 62.703 Thread 0x00000278866478d0 Uncommon trap: trap_request=0xffffffbe fr.pc=0x0000027832f2a6e4 relative=0x00000000000001c4
Event: 62.703 Thread 0x00000278866478d0 Uncommon trap: reason=profile_predicate action=maybe_recompile pc=0x0000027832f2a6e4 method=java.util.LinkedHashMap.keysToArray([Ljava/lang/Object;)[Ljava/lang/Object; @ 12 c2
Event: 62.703 Thread 0x00000278866478d0 DEOPT PACKING pc=0x0000027832f2a6e4 sp=0x000000b970ffcce0
Event: 62.703 Thread 0x00000278866478d0 DEOPT UNPACKING pc=0x00000278324623a3 sp=0x000000b970ffcc98 mode 2

Classes unloaded (0 events):
No events

Classes redefined (0 events):
No events

Internal exceptions (20 events):
Event: 61.229 Thread 0x00000278896cd2a0 Exception <a 'java/lang/IncompatibleClassChangeError'{0x00000000c909cc60}: Found class java.lang.Object, but interface was expected> (0x00000000c909cc60) 
thrown [s\open\src\hotspot\share\interpreter\linkResolver.cpp, line 826]
Event: 61.291 Thread 0x00000278896cd2a0 Exception <a 'java/lang/NoSuchMethodError'{0x00000000c8d3c6c0}: 'void java.lang.invoke.DirectMethodHandle$Holder.invokeSpecial(java.lang.Object, java.lang.Object, int)'> (0x00000000c8d3c6c0) 
thrown [s\open\src\hotspot\share\interpreter\linkResolver.cpp, line 759]
Event: 61.324 Thread 0x00000278896cd2a0 Exception <a 'sun/nio/fs/WindowsException'{0x00000000c8def6d8}> (0x00000000c8def6d8) 
thrown [s\open\src\hotspot\share\prims\jni.cpp, line 516]
Event: 61.674 Thread 0x0000027886c835f0 Exception <a 'java/lang/NoSuchMethodError'{0x00000000c94f88f8}: static Lkotlin/InitializedLazyImpl;.<clinit>()V> (0x00000000c94f88f8) 
thrown [s\open\src\hotspot\share\prims\jni.cpp, line 1112]
Event: 61.723 Thread 0x00000278866473c0 Exception <a 'sun/nio/fs/WindowsException'{0x00000000c903e530}> (0x00000000c903e530) 
thrown [s\open\src\hotspot\share\prims\jni.cpp, line 516]
Event: 61.723 Thread 0x00000278866473c0 Exception <a 'sun/nio/fs/WindowsException'{0x00000000c903e908}> (0x00000000c903e908) 
thrown [s\open\src\hotspot\share\prims\jni.cpp, line 516]
Event: 61.764 Thread 0x0000027886648d10 Exception <a 'sun/nio/fs/WindowsException'{0x00000000c8fda338}> (0x00000000c8fda338) 
thrown [s\open\src\hotspot\share\prims\jni.cpp, line 516]
Event: 61.906 Thread 0x0000027886648d10 Exception <a 'java/lang/NoSuchMethodError'{0x00000000c9b7afb0}: 'long java.lang.invoke.DirectMethodHandle$Holder.invokeStatic(java.lang.Object, java.lang.Object, java.lang.Object)'> (0x00000000c9b7afb0) 
thrown [s\open\src\hotspot\share\interpreter\linkResolver.cpp, line 759]
Event: 61.939 Thread 0x0000027886648d10 Exception <a 'java/lang/NoSuchMethodError'{0x00000000c9a548c8}: 'void java.lang.invoke.DirectMethodHandle$Holder.invokeInterface(java.lang.Object, java.lang.Object, java.lang.Object, int)'> (0x00000000c9a548c8) 
thrown [s\open\src\hotspot\share\interpreter\linkResolver.cpp, line 759]
Event: 61.954 Thread 0x0000027886648d10 Exception <a 'java/lang/IncompatibleClassChangeError'{0x00000000c9af8248}: Found class java.lang.Object, but interface was expected> (0x00000000c9af8248) 
thrown [s\open\src\hotspot\share\interpreter\linkResolver.cpp, line 826]
Event: 62.033 Thread 0x0000027886648d10 Exception <a 'sun/nio/fs/WindowsException'{0x00000000c9624e60}> (0x00000000c9624e60) 
thrown [s\open\src\hotspot\share\prims\jni.cpp, line 516]
Event: 62.322 Thread 0x0000027886c835f0 Exception <a 'java/lang/NoSuchMethodError'{0x00000000c86d3890}: static Lcom/android/build/api/variant/impl/SerializableApplicationMultiOutputHandler;.<clinit>()V> (0x00000000c86d3890) 
thrown [s\open\src\hotspot\share\prims\jni.cpp, line 1112]
Event: 62.323 Thread 0x0000027886c835f0 Exception <a 'java/lang/NoSuchMethodError'{0x00000000c86e9d80}: static Lcom/android/build/api/variant/impl/VariantOutputImpl$SerializedForm;.<clinit>()V> (0x00000000c86e9d80) 
thrown [s\open\src\hotspot\share\prims\jni.cpp, line 1112]
Event: 62.324 Thread 0x0000027886c835f0 Exception <a 'java/lang/NoSuchMethodError'{0x00000000c86fe8a0}: static Lcom/android/build/api/variant/impl/VariantOutputConfigurationImpl;.<clinit>()V> (0x00000000c86fe8a0) 
thrown [s\open\src\hotspot\share\prims\jni.cpp, line 1112]
Event: 62.405 Thread 0x00000278866478d0 Exception <a 'sun/nio/fs/WindowsException'{0x00000000c9911680}> (0x00000000c9911680) 
thrown [s\open\src\hotspot\share\prims\jni.cpp, line 516]
Event: 62.555 Thread 0x00000278866478d0 Exception <a 'java/lang/NoSuchMethodError'{0x00000000c98081f8}: 'java.lang.Object java.lang.invoke.DirectMethodHandle$Holder.newInvokeSpecial(java.lang.Object, java.lang.Object, java.lang.Object, java.lang.Object, java.lang.Object, int, java.lang.Object)'> (0x00000000c98081f8) 
thrown [s\open\src\hotspot\share\interpreter\linkResolver.cpp, line 759]
Event: 62.556 Thread 0x00000278866478d0 Exception <a 'java/lang/NoSuchMethodError'{0x00000000c9810fd0}: 'java.lang.Object java.lang.invoke.Invokers$Holder.linkToTargetMethod(java.lang.Object, java.lang.Object, java.lang.Object, java.lang.Object, int, java.lang.Object, java.lang.Object)'> (0x00000000c9810fd0) 
thrown [s\open\src\hotspot\share\interpreter\linkResolver.cpp, line 759]
Event: 62.585 Thread 0x00000278866478d0 Exception <a 'java/lang/NoSuchMethodError'{0x00000000c98b2c90}: 'java.lang.Object java.lang.invoke.DirectMethodHandle$Holder.newInvokeSpecial(java.lang.Object, java.lang.Object, java.lang.Object, java.lang.Object, java.lang.Object, java.lang.Object, java.lang.Object, int)'> (0x00000000c98b2c90) 
thrown [s\open\src\hotspot\share\interpreter\linkResolver.cpp, line 759]
Event: 62.585 Thread 0x00000278866478d0 Exception <a 'java/lang/NoSuchMethodError'{0x00000000c98b8878}: 'java.lang.Object java.lang.invoke.DirectMethodHandle$Holder.invokeSpecial(java.lang.Object, java.lang.Object, java.lang.Object, java.lang.Object, java.lang.Object, java.lang.Object, java.lang.Object, java.lang.Object, int)'> (0x00000000c98b8878) 
thrown [s\open\src\hotspot\share\interpreter\linkResolver.cpp, line 759]
Event: 62.585 Thread 0x00000278866478d0 Exception <a 'java/lang/NoSuchMethodError'{0x00000000c98bdf50}: 'java.lang.Object java.lang.invoke.Invokers$Holder.linkToTargetMethod(java.lang.Object, java.lang.Object, java.lang.Object, java.lang.Object, java.lang.Object, java.lang.Object, int, java.lang.Object)'> (0x00000000c98bdf50) 
thrown [s\open\src\hotspot\share\interpreter\linkResolver.cpp, line 759]

VM Operations (20 events):
Event: 62.331 Executing VM operation: G1CollectForAllocation done
Event: 62.396 Executing VM operation: HandshakeAllThreads
Event: 62.397 Executing VM operation: HandshakeAllThreads done
Event: 62.408 Executing VM operation: HandshakeAllThreads
Event: 62.408 Executing VM operation: HandshakeAllThreads done
Event: 62.420 Executing VM operation: HandshakeAllThreads
Event: 62.421 Executing VM operation: HandshakeAllThreads done
Event: 62.423 Executing VM operation: HandshakeAllThreads
Event: 62.423 Executing VM operation: HandshakeAllThreads done
Event: 62.868 Executing VM operation: G1TryInitiateConcMark
Event: 62.874 Executing VM operation: G1TryInitiateConcMark done
Event: 62.906 Executing VM operation: G1CollectForAllocation
Event: 62.912 Executing VM operation: G1CollectForAllocation done
Event: 62.928 Executing VM operation: G1CollectForAllocation
Event: 62.936 Executing VM operation: G1CollectForAllocation done
Event: 62.952 Executing VM operation: G1CollectForAllocation
Event: 62.960 Executing VM operation: G1CollectForAllocation done
Event: 62.974 Executing VM operation: G1CollectForAllocation
Event: 62.980 Executing VM operation: G1CollectForAllocation done
Event: 62.991 Executing VM operation: G1CollectForAllocation

Events (20 events):
Event: 62.830 loading class java/util/zip/Deflater$DeflaterZStreamRef
Event: 62.830 loading class java/util/zip/Deflater$DeflaterZStreamRef done
Event: 62.847 loading class java/nio/BufferOverflowException
Event: 62.847 loading class java/nio/BufferOverflowException done
Event: 62.849 loading class java/security/DigestException
Event: 62.849 loading class java/security/DigestException done
Event: 62.851 loading class java/security/InvalidAlgorithmParameterException
Event: 62.852 loading class java/security/InvalidAlgorithmParameterException done
Event: 62.853 loading class java/security/spec/InvalidKeySpecException
Event: 62.853 loading class java/security/spec/InvalidKeySpecException done
Event: 62.862 loading class java/security/spec/MGF1ParameterSpec
Event: 62.862 loading class java/security/spec/MGF1ParameterSpec done
Event: 62.866 loading class java/util/concurrent/ForkJoinTask$AdaptedRunnableAction
Event: 62.866 loading class java/util/concurrent/ForkJoinTask$AdaptedRunnableAction done
Event: 62.867 Thread 0x000002788664a660 Thread added: 0x000002788664a660
Event: 62.867 Thread 0x0000027886646eb0 Thread added: 0x0000027886646eb0
Event: 62.868 Thread 0x0000027886649220 Thread added: 0x0000027886649220
Event: 62.868 Thread 0x0000027886647de0 Thread added: 0x0000027886647de0
Event: 62.868 Thread 0x000002788664a150 Thread added: 0x000002788664a150
Event: 62.875 Thread 0x00000278866482f0 Thread added: 0x00000278866482f0


Dynamic libraries:
0x00007ff682800000 - 0x00007ff682810000 	C:\Program Files\Java\jdk-17\bin\java.exe
0x00007ffcdc840000 - 0x00007ffcdcaa6000 	C:\WINDOWS\SYSTEM32\ntdll.dll
0x00007ffcdb990000 - 0x00007ffcdba59000 	C:\WINDOWS\System32\KERNEL32.DLL
0x00007ffcda160000 - 0x00007ffcda55f000 	C:\WINDOWS\System32\KERNELBASE.dll
0x00007ffcd9dd0000 - 0x00007ffcd9f1c000 	C:\WINDOWS\System32\ucrtbase.dll
0x00007ffcc0090000 - 0x00007ffcc00a9000 	C:\Program Files\Java\jdk-17\bin\jli.dll
0x00007ffcdb3a0000 - 0x00007ffcdb45c000 	C:\WINDOWS\System32\ADVAPI32.dll
0x00007ffcdba80000 - 0x00007ffcdbb29000 	C:\WINDOWS\System32\msvcrt.dll
0x00007ffcdc3f0000 - 0x00007ffcdc49a000 	C:\WINDOWS\System32\sechost.dll
0x00007ffcdb750000 - 0x00007ffcdb868000 	C:\WINDOWS\System32\RPCRT4.dll
0x00007ffcda570000 - 0x00007ffcda736000 	C:\WINDOWS\System32\USER32.dll
0x00007ffcda080000 - 0x00007ffcda0a7000 	C:\WINDOWS\System32\win32u.dll
0x00007ffcdb960000 - 0x00007ffcdb98b000 	C:\WINDOWS\System32\GDI32.dll
0x00007ffcc00b0000 - 0x00007ffcc00cb000 	C:\Program Files\Java\jdk-17\bin\VCRUNTIME140.dll
0x00007ffcd9b10000 - 0x00007ffcd9c39000 	C:\WINDOWS\System32\gdi32full.dll
0x00007ffcda0b0000 - 0x00007ffcda153000 	C:\WINDOWS\System32\msvcp_win.dll
0x00007ffcc6f60000 - 0x00007ffcc71f1000 	C:\WINDOWS\WinSxS\amd64_microsoft.windows.common-controls_6595b64144ccf1df_6.0.26100.8972_none_3e0da176e32f9d4b\COMCTL32.dll
0x00007ffccec00000 - 0x00007ffccec0b000 	C:\WINDOWS\SYSTEM32\VERSION.dll
0x00007ffcdb710000 - 0x00007ffcdb742000 	C:\WINDOWS\System32\IMM32.DLL
0x00007ffcc8b20000 - 0x00007ffcc8b2c000 	C:\Program Files\Java\jdk-17\bin\vcruntime140_1.dll
0x00007ffcc0000000 - 0x00007ffcc008e000 	C:\Program Files\Java\jdk-17\bin\msvcp140.dll
0x00007ffcbf420000 - 0x00007ffcc0000000 	C:\Program Files\Java\jdk-17\bin\server\jvm.dll
0x00007ffcdaf40000 - 0x00007ffcdaf48000 	C:\WINDOWS\System32\PSAPI.DLL
0x00007ffcc6e40000 - 0x00007ffcc6e4a000 	C:\WINDOWS\SYSTEM32\WSOCK32.dll
0x00007ffcdc160000 - 0x00007ffcdc1e2000 	C:\WINDOWS\System32\WS2_32.dll
0x00007ffcc0e90000 - 0x00007ffcc0ec6000 	C:\WINDOWS\SYSTEM32\WINMM.dll
0x00007ffcd8700000 - 0x00007ffcd871b000 	C:\WINDOWS\SYSTEM32\kernel.appcore.dll
0x00007ffcbf410000 - 0x00007ffcbf41a000 	C:\Program Files\Java\jdk-17\bin\jimage.dll
0x00007ffcd3f80000 - 0x00007ffcd41c2000 	C:\WINDOWS\SYSTEM32\DBGHELP.DLL
0x00007ffcdb010000 - 0x00007ffcdb395000 	C:\WINDOWS\System32\combase.dll
0x00007ffcdb870000 - 0x00007ffcdb949000 	C:\WINDOWS\System32\OLEAUT32.dll
0x00007ffcc81d0000 - 0x00007ffcc820b000 	C:\WINDOWS\SYSTEM32\dbgcore.DLL
0x00007ffcd9a50000 - 0x00007ffcd9afc000 	C:\WINDOWS\System32\bcryptPrimitives.dll
0x00007ffcc0890000 - 0x00007ffcc089e000 	C:\Program Files\Java\jdk-17\bin\instrument.dll
0x00007ffcbf3e0000 - 0x00007ffcbf405000 	C:\Program Files\Java\jdk-17\bin\java.dll
0x00007ffcbf300000 - 0x00007ffcbf3d7000 	C:\Program Files\Java\jdk-17\bin\jsvml.dll
0x00007ffcda750000 - 0x00007ffcdaed8000 	C:\WINDOWS\System32\SHELL32.dll
0x00007ffcd74e0000 - 0x00007ffcd7d7b000 	C:\WINDOWS\SYSTEM32\windows.storage.dll
0x00007ffcdbb30000 - 0x00007ffcdbc29000 	C:\WINDOWS\System32\SHCORE.dll
0x00007ffcdc4a0000 - 0x00007ffcdc506000 	C:\WINDOWS\System32\shlwapi.dll
0x00007ffcd9970000 - 0x00007ffcd9999000 	C:\WINDOWS\SYSTEM32\profapi.dll
0x00007ffcbf220000 - 0x00007ffcbf238000 	C:\Program Files\Java\jdk-17\bin\zip.dll
0x00007ffcbf2e0000 - 0x00007ffcbf2f9000 	C:\Program Files\Java\jdk-17\bin\net.dll
0x00007ffccdd00000 - 0x00007ffccde28000 	C:\WINDOWS\SYSTEM32\WINHTTP.dll
0x00007ffcd8c90000 - 0x00007ffcd8cfc000 	C:\WINDOWS\system32\mswsock.dll
0x00007ffcbf2c0000 - 0x00007ffcbf2d6000 	C:\Program Files\Java\jdk-17\bin\nio.dll
0x00007ffcbf2b0000 - 0x00007ffcbf2c0000 	C:\Program Files\Java\jdk-17\bin\verify.dll
0x00007ffcc08a0000 - 0x00007ffcc08c7000 	C:\Users\admin\.gradle\native\c067742578af261105cb4f569cf0c3c89f3d7b1fecec35dd04571415982c5e48\windows-amd64\native-platform.dll
0x00007ffc7d8c0000 - 0x00007ffc7da04000 	C:\Users\admin\.gradle\native\100fb08df4bc3b14c8652ba06237920a3bd2aa13389f12d3474272988ae205f9\windows-amd64\native-platform-file-events.dll
0x00007ffcbf1e0000 - 0x00007ffcbf1ea000 	C:\Program Files\Java\jdk-17\bin\management.dll
0x00007ffcbf1d0000 - 0x00007ffcbf1db000 	C:\Program Files\Java\jdk-17\bin\management_ext.dll
0x00007ffcd90b0000 - 0x00007ffcd90cb000 	C:\WINDOWS\SYSTEM32\CRYPTSP.dll
0x00007ffcd8660000 - 0x00007ffcd8699000 	C:\WINDOWS\system32\rsaenh.dll
0x00007ffcd8d40000 - 0x00007ffcd8d72000 	C:\WINDOWS\SYSTEM32\USERENV.dll
0x00007ffcd9940000 - 0x00007ffcd996a000 	C:\WINDOWS\SYSTEM32\bcrypt.dll
0x00007ffcd8ef0000 - 0x00007ffcd8efc000 	C:\WINDOWS\SYSTEM32\CRYPTBASE.dll
0x00007ffcd80b0000 - 0x00007ffcd80e3000 	C:\WINDOWS\SYSTEM32\IPHLPAPI.DLL
0x00007ffcda740000 - 0x00007ffcda74a000 	C:\WINDOWS\System32\NSI.dll
0x00007ffccdcd0000 - 0x00007ffccdced000 	C:\WINDOWS\SYSTEM32\dhcpcsvc6.DLL
0x00007ffccdca0000 - 0x00007ffccdcc5000 	C:\WINDOWS\SYSTEM32\dhcpcsvc.DLL
0x00007ffcd81a0000 - 0x00007ffcd82f8000 	C:\WINDOWS\SYSTEM32\DNSAPI.dll
0x00007ffcd8ab0000 - 0x00007ffcd8abd000 	C:\WINDOWS\SYSTEM32\DSPARSE.dll
0x00007ffcbf1b0000 - 0x00007ffcbf1be000 	C:\Program Files\Java\jdk-17\bin\sunmscapi.dll
0x00007ffcd9c40000 - 0x00007ffcd9dbe000 	C:\WINDOWS\System32\CRYPT32.dll
0x00007ffcd9220000 - 0x00007ffcd9250000 	C:\WINDOWS\SYSTEM32\ncrypt.dll
0x00007ffcd91d0000 - 0x00007ffcd920f000 	C:\WINDOWS\SYSTEM32\NTASN1.dll
0x00007ffcbda40000 - 0x00007ffcbda48000 	C:\WINDOWS\system32\wshunix.dll
0x00007ffcc94a0000 - 0x00007ffcc94b8000 	C:\WINDOWS\system32\napinsp.dll
0x00007ffcc8c60000 - 0x00007ffcc8c73000 	C:\WINDOWS\System32\winrnr.dll
0x00007ffcc8c30000 - 0x00007ffcc8c52000 	C:\WINDOWS\system32\nlansp_c.dll
0x00007ffcc8c10000 - 0x00007ffcc8c26000 	C:\WINDOWS\system32\wshbth.dll
0x00007ffccca80000 - 0x00007ffccca8b000 	C:\Windows\System32\rasadhlp.dll
0x00007ffccd490000 - 0x00007ffccd516000 	C:\WINDOWS\System32\fwpuclnt.dll
0x00007ffcc0880000 - 0x00007ffcc0887000 	C:\Program Files\Java\jdk-17\bin\rmi.dll

dbghelp: loaded successfully - version: 4.0.5 - missing functions: none
symbol engine: initialized successfully - sym options: 0x614 - pdb path: .;C:\Program Files\Java\jdk-17\bin;C:\WINDOWS\SYSTEM32;C:\WINDOWS\WinSxS\amd64_microsoft.windows.common-controls_6595b64144ccf1df_6.0.26100.8972_none_3e0da176e32f9d4b;C:\Program Files\Java\jdk-17\bin\server;C:\Users\admin\.gradle\native\c067742578af261105cb4f569cf0c3c89f3d7b1fecec35dd04571415982c5e48\windows-amd64;C:\Users\admin\.gradle\native\100fb08df4bc3b14c8652ba06237920a3bd2aa13389f12d3474272988ae205f9\windows-amd64

VM Arguments:
jvm_args: --add-opens=java.base/java.util=ALL-UNNAMED --add-opens=java.base/java.lang=ALL-UNNAMED --add-opens=java.base/java.lang.invoke=ALL-UNNAMED --add-opens=java.prefs/java.util.prefs=ALL-UNNAMED --add-exports=jdk.compiler/com.sun.tools.javac.api=ALL-UNNAMED --add-exports=jdk.compiler/com.sun.tools.javac.util=ALL-UNNAMED --add-opens=java.base/java.nio.charset=ALL-UNNAMED --add-opens=java.base/java.net=ALL-UNNAMED --add-opens=java.base/java.util.concurrent.atomic=ALL-UNNAMED -Xmx1024m -Dfile.encoding=UTF-8 -Duser.country=US -Duser.language=en -Duser.variant -javaagent:C:\Users\admin\.gradle\wrapper\dists\gradle-8.9-bin\90cnw93cvbtalezasaz0blq0a\gradle-8.9\lib\agents\gradle-instrumentation-agent-8.9.jar 
java_command: org.gradle.launcher.daemon.bootstrap.GradleDaemon 8.9
java_class_path (initial): C:\Users\admin\.gradle\wrapper\dists\gradle-8.9-bin\90cnw93cvbtalezasaz0blq0a\gradle-8.9\lib\gradle-daemon-main-8.9.jar
Launcher Type: SUN_STANDARD

[Global flags]
     intx CICompilerCount                          = 4                                         {product} {ergonomic}
     uint ConcGCThreads                            = 2                                         {product} {ergonomic}
     uint G1ConcRefinementThreads                  = 8                                         {product} {ergonomic}
   size_t G1HeapRegionSize                         = 1048576                                   {product} {ergonomic}
    uintx GCDrainStackTargetSize                   = 64                                        {product} {ergonomic}
   size_t InitialHeapSize                          = 134217728                                 {product} {ergonomic}
   size_t MarkStackSize                            = 4194304                                   {product} {ergonomic}
   size_t MaxHeapSize                              = 1073741824                                {product} {command line}
   size_t MaxNewSize                               = 643825664                                 {product} {ergonomic}
   size_t MinHeapDeltaBytes                        = 1048576                                   {product} {ergonomic}
   size_t MinHeapSize                              = 8388608                                   {product} {ergonomic}
    uintx NonNMethodCodeHeapSize                   = 5839372                                {pd product} {ergonomic}
    uintx NonProfiledCodeHeapSize                  = 122909434                              {pd product} {ergonomic}
    uintx ProfiledCodeHeapSize                     = 122909434                              {pd product} {ergonomic}
    uintx ReservedCodeCacheSize                    = 251658240                              {pd product} {ergonomic}
     bool SegmentedCodeCache                       = true                                      {product} {ergonomic}
   size_t SoftMaxHeapSize                          = 1073741824                             {manageable} {ergonomic}
     bool UseCompressedClassPointers               = true                           {product lp64_product} {ergonomic}
     bool UseCompressedOops                        = true                           {product lp64_product} {ergonomic}
     bool UseG1GC                                  = true                                      {product} {ergonomic}
     bool UseLargePagesIndividualAllocation        = false                                  {pd product} {ergonomic}

Logging:
Log output configuration:
 #0: stdout all=warning uptime,level,tags
 #1: stderr all=off uptime,level,tags

Environment Variables:
JAVA_HOME=C:\Program Files\Java\jdk-17
CLASSPATH=C:\Users\admin\Downloads\IYKYKVideoCollage\\gradle\wrapper\gradle-wrapper.jar
PATH=C:\Program Files\Common Files\Oracle\Java\javapath;C:\WINDOWS\system32;C:\WINDOWS;C:\WINDOWS\System32\Wbem;C:\WINDOWS\System32\WindowsPowerShell\v1.0\;C:\WINDOWS\System32\OpenSSH\;C:\Program Files\nodejs\;C:\Program Files\Git\cmd;C:\Users\admin\AppData\Local\Programs\Python\Python310\Scripts\;C:\Users\admin\AppData\Local\Programs\Python\Python310\;C:\Users\admin\AppData\Local\Microsoft\WindowsApps;C:\Users\admin\AppData\Local\Programs\Microsoft VS Code\bin;C:\Program Files\nodejs;C:\Users\admin\AppData\Roaming\npm;C:\poppler-25.12.0\Library\bin;C:\Users\admin\AppData\Local\Programs\Python\Python310\python.exe;C:\Program Files\Git\bin;C:\Users\admin\AppData\Local\Programs\Antigravity IDE\bin;C:\Program Files\MongoDB\Server\8.3\bin;C:\Users\admin\mongosh\mongosh-2.3.8-win32-x64\bin
USERNAME=admin
OS=Windows_NT
PROCESSOR_IDENTIFIER=Intel64 Family 6 Model 142 Stepping 10, GenuineIntel



---------------  S Y S T E M  ---------------

OS:
 Windows 11 , 64 bit Build 26100 (10.0.26100.9168)
OS uptime: 0 days 3:38 hours
Hyper-V role detected

CPU: total 8 (initial active 8) (4 cores per cpu, 2 threads per core) family 6 model 142 stepping 10 microcode 0xf0, cx8, cmov, fxsr, ht, mmx, 3dnowpref, sse, sse2, sse3, ssse3, sse4.1, sse4.2, popcnt, lzcnt, tsc, tscinvbit, avx, avx2, aes, erms, clmul, bmi1, bmi2, rtm, adx, fma, vzeroupper, clflush, clflushopt, hv

Memory: 4k page, system-wide physical 8070M (310M free)
TotalPageFile size 16262M (AvailPageFile size 41M)
current process WorkingSet (physical memory assigned to process): 452M, peak: 455M
current process commit charge ("private bytes"): 492M, peak: 596M

vm_info: Java HotSpot(TM) 64-Bit Server VM (17.0.12+8-LTS-286) for windows-amd64 JRE (17.0.12+8-LTS-286), built on Jun  5 2024 06:46:59 by "mach5one" with MS VC++ 17.6 (VS2022)

END.
